    prefit R2 by layer: 0.512 0.856 0.929 0.951 0.963 0.967 0.970 0.972 0.977 0.981 0.983 0.985 0.986 0.988 0.988
    prefit lam: 4.9233e-03 8.7513e-03 1.0315e-02 1.0910e-02 1.0935e-02 1.0738e-02 1.0540e-02 9.4065e-03 9.0790e-03 9.0942e-03 8.8847e-03 8.4568e-03 8.3874e-03 8.2134e-03 7.8703e-03
    pass1 R2 by layer: 0.100 0.485 0.715 0.809 0.858 0.887 0.897 0.895 0.918 0.935 0.937 0.938 0.952 0.959 0.957 0.965
      L00 c=1.8293e-03
      L01 c=8.5076e-03
      L02 c=1.0488e-02
      L03 c=1.1289e-02
      L04 c=1.1341e-02
      L05 c=1.1157e-02
      L06 c=1.0939e-02
      L07 c=9.6919e-03
      L08 c=9.3463e-03
      L09 c=9.3299e-03
      L10 c=9.0828e-03
      L11 c=8.6057e-03
      L12 c=8.5242e-03
      L13 c=8.3297e-03
      L14 c=7.9749e-03
      L15 c=7.5740e-03
[regen:c+no31+feedc+usec+fitfull+prefit+sb2+nowk22] dump0: mse_final=2.1307e-08  t=78.1s
[regen:c+no31+feedc+usec+fitfull+prefit+sb2+nowk22] MEAN mse_final=2.1307e-08 over dumps [0]
