wrote work/sub16_A2S1_leaf8/v31_tmp.py 1839 lines (embedded model)
wrote work/sub16_A2S1_leaf8/v32_tmp.py 1856 lines
baked V32_LONE_LEV=2
baked V26_STRASSEN_MIN=8
1
sanity_sub16_A2S1_leaf8                            raw 2.0450e-08 dense C/B 0.3629 ratio-vs-V29 mean 0.936 per-MLP 0.897 0.976 failed 0
✓ Submitted (submission id 333566)
15:25 SUBMITTED 333566
baked V28_STRASSEN_FIRST=5
15:25 acct2-S1-first5: ✓ Submitted (submission id 333567)
wrote work/sub18_A2S2_leaf8/v31_tmp.py 1839 lines (embedded model)
wrote work/sub18_A2S2_leaf8/v32_tmp.py 1856 lines
baked V32_LONE_LEV=2
baked V26_STRASSEN_MIN=8
1
sanity_sub18_A2S2_leaf8                            raw 2.0412e-08 dense C/B 0.3654 ratio-vs-V29 mean 0.934 per-MLP 0.902 0.967 failed 0
✓ Submitted (submission id 333572)
15:56 SUBMITTED 333572
wrote work/sub19_A2S3_leaf8/v31_tmp.py 1839 lines (embedded model)
wrote work/sub19_A2S3_leaf8/v32_tmp.py 1856 lines
baked V32_LONE_LEV=2
baked V26_STRASSEN_MIN=8
1
