cached 0 logan-fitzgerald
cached 1 william-graves
cached 2 raymond-barnes
cached 3 steven-rice
cached 4 sarah-kelley
cached 5 christopher-morales
cached 6 cheryl-graham
cached 7 renee-park
cached 8 justin-johnson
cached 9 christina-lopez
cached 10 randy-murray
cached 11 john-koch
cached 12 susan-butler
cached 13 crystal-gonzales
cached 14 troy-richardson
cached 15 sharon-whitehead
cached 16 adam-morrison
cached 17 william-simmons
cached 18 william-bryant
cached 19 angela-hancock
cached 20 lisa-aguirre
cached 21 marissa-perez
cached 22 matthew-cruz
cached 23 dana-parker
cached 24 justin-thomas
cached 25 jose-booker
