/home/user/arc-whitebox/work/est_v34_rfb2.py:787: FlopscopeWarning: stats.norm.pdf promoted its float32 input to float64 to match scipy.stats. If float64 output was not intended, cast the result back with result.astype(np.float32) before downstream operations; float64 operations are billed at twice the float32 dtype rate.
  flops.stats.norm.pdf(v)
/home/user/arc-whitebox/work/est_v34_rfb2.py:788: FlopscopeWarning: stats.norm.cdf promoted its float32 input to float64 to match scipy.stats. If float64 output was not intended, cast the result back with result.astype(np.float32) before downstream operations; float64 operations are billed at twice the float32 dtype rate.
  flops.stats.norm.cdf(v)
/home/user/arc-whitebox/work/est_v34_rfb2.py:802: SymmetryLossWarning: Symmetry lost along dims (1, 2): slicing removed all symmetric dim groups. Use as_symmetric() to re-tag if you know the result is symmetric. Suppress with flops.configure(symmetry_warnings=False).
  fnp.einsum("tij,ti,tj,tg->gij", t3, t3[:, :, 0], t3[:, 0, :], g3)
/home/user/arc-whitebox/work/est_v34_rfb2.py:803: SymmetryLossWarning: Symmetry lost along dims (1, 2): slicing removed all symmetric dim groups. Use as_symmetric() to re-tag if you know the result is symmetric. Suppress with flops.configure(symmetry_warnings=False).
  fnp.einsum("ti,ti,tg->gi", t3[:, :, 0], t3[:, :, 1], g3)
/home/user/arc-whitebox/work/est_v34_rfb2.py:804: SymmetryLossWarning: Symmetry lost along dims (0, 1): slicing removed all symmetric dim groups. Use as_symmetric() to re-tag if you know the result is symmetric. Suppress with flops.configure(symmetry_warnings=False).
  fnp.einsum("iq,kqn->kin", m[:, :16], t3[:, :16, :])
/home/user/arc-whitebox/work/est_v34_rfb2.py:804: SymmetryLossWarning: Symmetry lost along dims (1, 2): slicing removed all symmetric dim groups. Use as_symmetric() to re-tag if you know the result is symmetric. Suppress with flops.configure(symmetry_warnings=False).
  fnp.einsum("iq,kqn->kin", m[:, :16], t3[:, :16, :])
/home/user/arc-whitebox/work/est_v34_rfb2.py:805: SymmetryLossWarning: Symmetry lost along dims (1, 2): slicing removed all symmetric dim groups. Use as_symmetric() to re-tag if you know the result is symmetric. Suppress with flops.configure(symmetry_warnings=False).
  fnp.einsum("ki,kc->ic", t3[:, :, 0], t3[:, :, 1])
/home/user/arc-whitebox/work/est_v34_rfb2.py:807: SymmetryLossWarning: Symmetry lost along dims (1, 2): slicing removed all symmetric dim groups. Use as_symmetric() to re-tag if you know the result is symmetric. Suppress with flops.configure(symmetry_warnings=False).
  fnp.einsum("kij,kj->ki", t3, t3[:, 0, :])
/home/user/arc-whitebox/work/est_v34_rfb2.py:808: SymmetryLossWarning: Symmetry lost along dims (1, 2): slicing removed all symmetric dim groups. Use as_symmetric() to re-tag if you know the result is symmetric. Suppress with flops.configure(symmetry_warnings=False).
  fnp.einsum("ki,ki->i", t3[:, :, 0], t3[:, :, 1])
/home/user/arc-whitebox/work/est_v34_rfb2.py:809: SymmetryLossWarning: Symmetry lost along dims (1, 2): slicing removed all symmetric dim groups. Use as_symmetric() to re-tag if you know the result is symmetric. Suppress with flops.configure(symmetry_warnings=False).
  fnp.einsum("kij,kqj->iq", t3, t3[:, :16, :])
/home/user/arc-whitebox/work/est_v34_rfb2.py:1254: FlopscopeWarning: stats.norm.pdf promoted its float32 input to float64 to match scipy.stats. If float64 output was not intended, cast the result back with result.astype(np.float32) before downstream operations; float64 operations are billed at twice the float32 dtype rate.
  phi = flops.stats.norm.pdf(alpha).astype(f32)
/home/user/arc-whitebox/work/est_v34_rfb2.py:1255: FlopscopeWarning: stats.norm.cdf promoted its float32 input to float64 to match scipy.stats. If float64 output was not intended, cast the result back with result.astype(np.float32) before downstream operations; float64 operations are billed at twice the float32 dtype rate.
  Phi = flops.stats.norm.cdf(alpha).astype(f32)
/home/user/arc-whitebox/work/est_v34_rfb2.py:1199: FlopscopeWarning: stats.norm.cdf promoted its float32 input to float64 to match scipy.stats. If float64 output was not intended, cast the result back with result.astype(np.float32) before downstream operations; float64 operations are billed at twice the float32 dtype rate.
  lvc = self._live(flops.stats.norm.cdf(mu / fnp.sqrt(var)).astype(f32), n)
[000] logan-fitzgerald       mse=2.3282e-08 C/B=0.3258 t=44s
[001] william-graves         mse=2.1513e-08 C/B=0.3252 t=39s
[002] raymond-barnes         mse=2.7152e-08 C/B=0.3219 t=39s
[003] steven-rice            mse=2.6326e-08 C/B=0.3251 t=40s
[004] sarah-kelley           mse=2.2682e-08 C/B=0.3285 t=40s
[005] christopher-morales    mse=2.0168e-08 C/B=0.3220 t=40s
[006] cheryl-graham          mse=2.1701e-08 C/B=0.3236 t=42s
[007] renee-park             mse=2.5018e-08 C/B=0.3251 t=40s
[008] justin-johnson         mse=2.4262e-08 C/B=0.3266 t=41s
[009] christina-lopez        mse=2.6398e-08 C/B=0.3251 t=40s
[010] randy-murray           mse=2.4308e-08 C/B=0.3235 t=38s
[011] john-koch              mse=2.4226e-08 C/B=0.3250 t=38s
[012] susan-butler           mse=2.1180e-08 C/B=0.3266 t=38s
[013] crystal-gonzales       mse=2.2290e-08 C/B=0.3283 t=40s
[014] troy-richardson        mse=2.4570e-08 C/B=0.3251 t=38s
[015] sharon-whitehead       mse=2.4668e-08 C/B=0.3283 t=39s
[016] adam-morrison          mse=1.8272e-08 C/B=0.3251 t=39s
[017] william-simmons        mse=2.0215e-08 C/B=0.3317 t=41s
[018] william-bryant         mse=2.3615e-08 C/B=0.3300 t=41s
[019] angela-hancock         mse=1.9610e-08 C/B=0.3235 t=40s
[020] lisa-aguirre           mse=2.4620e-08 C/B=0.3300 t=42s
[021] marissa-perez          mse=2.6760e-08 C/B=0.3235 t=39s
[022] matthew-cruz           mse=2.4112e-08 C/B=0.3235 t=43s
[023] dana-parker            mse=2.1250e-08 C/B=0.3251 t=38s
[024] justin-thomas          mse=2.4237e-08 C/B=0.3235 t=36s
[025] jose-booker            mse=2.2878e-08 C/B=0.3251 t=38s
[026] jennifer-best          mse=2.7028e-08 C/B=0.3251 t=38s
[027] lisa-dean              mse=1.7686e-08 C/B=0.3235 t=39s
[028] terri-salazar          mse=2.3249e-08 C/B=0.3204 t=39s
[029] monica-duncan          mse=1.9306e-08 C/B=0.3235 t=41s
[030] katherine-allen        mse=2.3254e-08 C/B=0.3251 t=42s
[031] stephanie-fowler       mse=1.8442e-08 C/B=0.3251 t=44s
[032] nathan-valdez          mse=2.2968e-08 C/B=0.3267 t=39s
[033] mark-sweeney           mse=2.6544e-08 C/B=0.3266 t=38s
[034] rachel-warren          mse=2.8251e-08 C/B=0.3235 t=42s
[035] cory-clarke            mse=1.9112e-08 C/B=0.3250 t=39s
[036] patricia-cochran       mse=2.2308e-08 C/B=0.3284 t=39s
[037] paige-miller           mse=2.9187e-08 C/B=0.3266 t=39s
[038] daniel-smith           mse=2.4146e-08 C/B=0.3219 t=38s
[039] rebecca-jackson        mse=2.4770e-08 C/B=0.3220 t=37s
[040] sylvia-stanley         mse=2.7291e-08 C/B=0.3235 t=39s
[041] john-lee               mse=1.9478e-08 C/B=0.3266 t=37s
[042] crystal-carrillo       mse=2.1758e-08 C/B=0.3235 t=37s
[043] renee-garcia           mse=2.4729e-08 C/B=0.3283 t=37s
[044] anita-collier          mse=2.3528e-08 C/B=0.3251 t=39s
[045] tina-webb              mse=1.8556e-08 C/B=0.3251 t=41s
[046] lisa-mitchell          mse=2.3834e-08 C/B=0.3251 t=39s
[047] douglas-kelly          mse=3.1304e-08 C/B=0.3284 t=37s
[048] maria-calderon         mse=2.4362e-08 C/B=0.3283 t=43s
[049] jay-harris             mse=1.8642e-08 C/B=0.3219 t=35s
[050] robyn-davis            mse=1.7094e-08 C/B=0.3283 t=38s
[051] daniel-vasquez         mse=2.1457e-08 C/B=0.3266 t=35s
[052] richard-davis          mse=2.4532e-08 C/B=0.3235 t=35s
