/home/user/arc-whitebox/work/estimator_v29_feat.py:695: FlopscopeWarning: stats.norm.pdf promoted its float32 input to float64 to match scipy.stats. If float64 output was not intended, cast the result back with result.astype(np.float32) before downstream operations; float64 operations are billed at twice the float32 dtype rate.
  flops.stats.norm.pdf(v)
/home/user/arc-whitebox/work/estimator_v29_feat.py:696: FlopscopeWarning: stats.norm.cdf promoted its float32 input to float64 to match scipy.stats. If float64 output was not intended, cast the result back with result.astype(np.float32) before downstream operations; float64 operations are billed at twice the float32 dtype rate.
  flops.stats.norm.cdf(v)
/home/user/arc-whitebox/work/estimator_v29_feat.py:710: SymmetryLossWarning: Symmetry lost along dims (1, 2): slicing removed all symmetric dim groups. Use as_symmetric() to re-tag if you know the result is symmetric. Suppress with flops.configure(symmetry_warnings=False).
  fnp.einsum("tij,ti,tj,tg->gij", t3, t3[:, :, 0], t3[:, 0, :], g3)
/home/user/arc-whitebox/work/estimator_v29_feat.py:711: SymmetryLossWarning: Symmetry lost along dims (1, 2): slicing removed all symmetric dim groups. Use as_symmetric() to re-tag if you know the result is symmetric. Suppress with flops.configure(symmetry_warnings=False).
  fnp.einsum("ti,ti,tg->gi", t3[:, :, 0], t3[:, :, 1], g3)
/home/user/arc-whitebox/work/estimator_v29_feat.py:712: SymmetryLossWarning: Symmetry lost along dims (0, 1): slicing removed all symmetric dim groups. Use as_symmetric() to re-tag if you know the result is symmetric. Suppress with flops.configure(symmetry_warnings=False).
  fnp.einsum("iq,kqn->kin", m[:, :16], t3[:, :16, :])
/home/user/arc-whitebox/work/estimator_v29_feat.py:712: SymmetryLossWarning: Symmetry lost along dims (1, 2): slicing removed all symmetric dim groups. Use as_symmetric() to re-tag if you know the result is symmetric. Suppress with flops.configure(symmetry_warnings=False).
  fnp.einsum("iq,kqn->kin", m[:, :16], t3[:, :16, :])
/home/user/arc-whitebox/work/estimator_v29_feat.py:713: SymmetryLossWarning: Symmetry lost along dims (1, 2): slicing removed all symmetric dim groups. Use as_symmetric() to re-tag if you know the result is symmetric. Suppress with flops.configure(symmetry_warnings=False).
  fnp.einsum("ki,kc->ic", t3[:, :, 0], t3[:, :, 1])
/home/user/arc-whitebox/work/estimator_v29_feat.py:715: SymmetryLossWarning: Symmetry lost along dims (1, 2): slicing removed all symmetric dim groups. Use as_symmetric() to re-tag if you know the result is symmetric. Suppress with flops.configure(symmetry_warnings=False).
  fnp.einsum("kij,kj->ki", t3, t3[:, 0, :])
/home/user/arc-whitebox/work/estimator_v29_feat.py:716: SymmetryLossWarning: Symmetry lost along dims (1, 2): slicing removed all symmetric dim groups. Use as_symmetric() to re-tag if you know the result is symmetric. Suppress with flops.configure(symmetry_warnings=False).
  fnp.einsum("ki,ki->i", t3[:, :, 0], t3[:, :, 1])
/home/user/arc-whitebox/work/estimator_v29_feat.py:717: SymmetryLossWarning: Symmetry lost along dims (1, 2): slicing removed all symmetric dim groups. Use as_symmetric() to re-tag if you know the result is symmetric. Suppress with flops.configure(symmetry_warnings=False).
  fnp.einsum("kij,kqj->iq", t3, t3[:, :16, :])
/home/user/arc-whitebox/work/estimator_v29_feat.py:1141: FlopscopeWarning: stats.norm.pdf promoted its float32 input to float64 to match scipy.stats. If float64 output was not intended, cast the result back with result.astype(np.float32) before downstream operations; float64 operations are billed at twice the float32 dtype rate.
  phi = flops.stats.norm.pdf(alpha).astype(f32)
/home/user/arc-whitebox/work/estimator_v29_feat.py:1142: FlopscopeWarning: stats.norm.cdf promoted its float32 input to float64 to match scipy.stats. If float64 output was not intended, cast the result back with result.astype(np.float32) before downstream operations; float64 operations are billed at twice the float32 dtype rate.
  Phi = flops.stats.norm.cdf(alpha).astype(f32)
[550] carolyn-wilson         mse=2.6438e-08 C/B=0.3695 t=49s
[551] sandra-davenport       mse=2.4032e-08 C/B=0.3691 t=47s
[552] wendy-thompson         mse=2.2207e-08 C/B=0.3691 t=47s
[553] edward-atkinson        mse=2.3085e-08 C/B=0.3691 t=49s
[554] patrick-smith          mse=2.0655e-08 C/B=0.3691 t=48s
[555] debbie-french          mse=2.5644e-08 C/B=0.3691 t=49s
[556] donald-vega            mse=2.4047e-08 C/B=0.3691 t=47s
[557] robert-wright          mse=2.1560e-08 C/B=0.3691 t=46s
[558] sean-martin            mse=2.1953e-08 C/B=0.3691 t=47s
[559] gina-martin            mse=1.9399e-08 C/B=0.3691 t=46s
[560] alicia-martinez        mse=2.2186e-08 C/B=0.3691 t=46s
[561] james-miles            mse=1.8442e-08 C/B=0.3691 t=45s
[562] cheryl-ray             mse=2.2955e-08 C/B=0.3691 t=39s
[563] william-harris         mse=1.6004e-08 C/B=0.3691 t=37s
[564] samantha-yang          mse=2.1631e-08 C/B=0.3691 t=46s
[565] sarah-martinez         mse=2.3542e-08 C/B=0.3691 t=47s
[566] kevin-jackson          mse=2.4355e-08 C/B=0.3691 t=47s
[567] gabrielle-ryan         mse=2.3768e-08 C/B=0.3691 t=45s
[568] travis-pope            mse=2.0262e-08 C/B=0.3691 t=47s
[569] robert-graham          mse=2.6853e-08 C/B=0.3691 t=47s
[570] michael-knight         mse=2.1253e-08 C/B=0.3691 t=47s
[571] richard-cole           mse=2.6111e-08 C/B=0.3691 t=47s
[572] gerald-williams        mse=1.9049e-08 C/B=0.3691 t=49s
[573] james-harper           mse=2.0644e-08 C/B=0.3691 t=45s
[574] luis-sims              mse=1.9370e-08 C/B=0.3691 t=49s
[575] isabella-montgomery    mse=2.0735e-08 C/B=0.3691 t=47s
[576] kimberly-rodriguez     mse=2.3470e-08 C/B=0.3691 t=46s
[577] susan-baldwin          mse=2.6175e-08 C/B=0.3691 t=46s
[578] samantha-miller        mse=2.3239e-08 C/B=0.3691 t=47s
[579] colleen-vargas         mse=2.3743e-08 C/B=0.3691 t=50s
[580] elizabeth-phillips     mse=3.0590e-08 C/B=0.3691 t=47s
[581] matthew-beard          mse=2.6472e-08 C/B=0.3691 t=47s
[582] curtis-aguilar         mse=2.4019e-08 C/B=0.3691 t=45s
[583] lori-maddox            mse=2.7452e-08 C/B=0.3691 t=44s
[584] devon-hinton           mse=2.0826e-08 C/B=0.3691 t=47s
[585] amanda-cobb            mse=1.8405e-08 C/B=0.3691 t=47s
[586] shannon-singh          mse=2.3113e-08 C/B=0.3691 t=47s
[587] heidi-foster           mse=1.9987e-08 C/B=0.3691 t=52s
[588] renee-palmer           mse=1.9999e-08 C/B=0.3691 t=47s
[589] kristen-garcia         mse=2.1725e-08 C/B=0.3691 t=46s
[590] kayla-johnson          mse=2.0192e-08 C/B=0.3691 t=49s
[591] kelly-herrera          mse=2.2568e-08 C/B=0.3691 t=51s
[592] christopher-woods      mse=1.8409e-08 C/B=0.3691 t=54s
[593] katelyn-beck           mse=2.5466e-08 C/B=0.3691 t=43s
[594] jason-smith            mse=2.4072e-08 C/B=0.3691 t=42s
[595] david-flores-2         mse=2.6720e-08 C/B=0.3691 t=41s
[596] michael-sheppard       mse=2.0025e-08 C/B=0.3691 t=42s
[597] sarah-murphy           mse=2.9339e-08 C/B=0.3691 t=41s
[598] stacy-cole             mse=1.6758e-08 C/B=0.3691 t=46s
[599] jesus-english          mse=2.7711e-08 C/B=0.3691 t=44s
[600] john-edwards           mse=2.1675e-08 C/B=0.3691 t=44s
[601] lisa-simmons           mse=2.1102e-08 C/B=0.3691 t=44s
[602] jessica-patterson      mse=1.9124e-08 C/B=0.3691 t=45s
[603] jamie-benson           mse=2.3247e-08 C/B=0.3691 t=45s
[604] steven-stein           mse=1.9993e-08 C/B=0.3691 t=42s
[605] john-bird              mse=2.1863e-08 C/B=0.3691 t=40s
[606] catherine-huff         mse=2.2555e-08 C/B=0.3691 t=62s
[607] javier-harvey          mse=2.2922e-08 C/B=0.3691 t=108s
[608] anna-walker            mse=2.1537e-08 C/B=0.3691 t=67s
[609] rhonda-palmer          mse=2.1030e-08 C/B=0.3691 t=71s
[610] ann-thompson           mse=1.8590e-08 C/B=0.3691 t=68s
[611] alan-kelley            mse=2.2147e-08 C/B=0.3691 t=65s
[612] matthew-walters        mse=1.5943e-08 C/B=0.3691 t=51s
[613] benjamin-kelly         mse=2.3407e-08 C/B=0.3691 t=67s
[614] cheryl-dunlap          mse=1.9429e-08 C/B=0.3691 t=69s
[615] nicole-hutchinson      mse=2.3147e-08 C/B=0.3691 t=67s
[616] sarah-wells            mse=2.3454e-08 C/B=0.3691 t=65s
[617] eduardo-williams       mse=2.3983e-08 C/B=0.3691 t=70s
[618] zachary-green          mse=2.1511e-08 C/B=0.3691 t=75s
[619] elizabeth-nicholson    mse=2.0340e-08 C/B=0.3691 t=74s
[620] katherine-smith        mse=1.8625e-08 C/B=0.3691 t=73s
[621] victoria-parker        mse=2.2510e-08 C/B=0.3691 t=67s
[622] clifford-liu           mse=1.9792e-08 C/B=0.3691 t=68s
[623] danielle-smith         mse=2.8331e-08 C/B=0.3691 t=65s
[624] alexis-wu              mse=2.3680e-08 C/B=0.3691 t=71s
[625] jose-turner            mse=2.1768e-08 C/B=0.3691 t=72s
[626] lauren-hughes          mse=1.9060e-08 C/B=0.3691 t=58s
[627] cheryl-lucas           mse=2.3717e-08 C/B=0.3691 t=45s
[628] meredith-welch         mse=2.0492e-08 C/B=0.3691 t=43s
[629] roger-padilla          mse=2.2313e-08 C/B=0.3691 t=42s
[630] paula-bradley          mse=2.2911e-08 C/B=0.3691 t=46s
[631] william-rodriguez      mse=2.3495e-08 C/B=0.3691 t=44s
[632] melissa-english        mse=2.4317e-08 C/B=0.3691 t=44s
[633] justin-williams        mse=1.7265e-08 C/B=0.3691 t=44s
[634] donna-mccullough       mse=2.5824e-08 C/B=0.3691 t=43s
[635] christine-evans        mse=2.0816e-08 C/B=0.3691 t=44s
[636] david-long             mse=2.3241e-08 C/B=0.3691 t=42s
[637] nichole-thompson       mse=1.9747e-08 C/B=0.3691 t=45s
[638] crystal-berry          mse=2.2620e-08 C/B=0.3691 t=45s
[639] robert-berry           mse=2.1096e-08 C/B=0.3691 t=44s
[640] claire-fernandez       mse=1.8544e-08 C/B=0.3691 t=46s
[641] aaron-stewart          mse=1.7406e-08 C/B=0.3691 t=43s
[642] dale-moran             mse=2.3445e-08 C/B=0.3691 t=41s
[643] anthony-taylor         mse=1.9242e-08 C/B=0.3691 t=46s
[644] shannon-moore          mse=2.1884e-08 C/B=0.3691 t=47s
[645] michael-foster         mse=2.6338e-08 C/B=0.3691 t=47s
[646] shawn-gomez            mse=2.3446e-08 C/B=0.3691 t=46s
[647] brittany-french        mse=2.1774e-08 C/B=0.3691 t=48s
[648] chad-moore             mse=2.4819e-08 C/B=0.3691 t=47s
[649] rebecca-anderson       mse=2.7780e-08 C/B=0.3691 t=47s
[650] kenneth-berg           mse=2.5028e-08 C/B=0.3691 t=46s
[651] grant-garcia           mse=1.9462e-08 C/B=0.3691 t=46s
[652] juan-warner            mse=2.1631e-08 C/B=0.3691 t=46s
[653] brian-perez            mse=2.4354e-08 C/B=0.3691 t=47s
[654] gary-black             mse=2.8417e-08 C/B=0.3691 t=45s
[655] joshua-ward            mse=1.9798e-08 C/B=0.3691 t=43s
[656] jason-cochran          mse=2.3553e-08 C/B=0.3691 t=43s
[657] bradley-anderson       mse=2.0728e-08 C/B=0.3691 t=44s
[658] jon-zavala             mse=2.0002e-08 C/B=0.3691 t=42s
[659] daniel-hall            mse=2.2438e-08 C/B=0.3691 t=46s
[660] matthew-dodson         mse=2.3155e-08 C/B=0.3691 t=45s
[661] heidi-bell             mse=1.9192e-08 C/B=0.3691 t=44s
[662] pedro-brown            mse=2.0237e-08 C/B=0.3691 t=46s
[663] kristine-washington    mse=2.2263e-08 C/B=0.3691 t=46s
[664] amber-perry            mse=2.4928e-08 C/B=0.3691 t=48s
[665] mark-gonzalez          mse=1.8096e-08 C/B=0.3691 t=43s
[666] samantha-harrison      mse=2.4004e-08 C/B=0.3691 t=43s
[667] ian-bailey             mse=1.9885e-08 C/B=0.3691 t=46s
[668] sandra-davis           mse=1.6654e-08 C/B=0.3691 t=42s
[669] james-reed             mse=1.7326e-08 C/B=0.3691 t=45s
[670] julie-gonzalez         mse=1.9211e-08 C/B=0.3691 t=44s
[671] michael-poole          mse=2.0602e-08 C/B=0.3691 t=40s
[672] ashley-nichols         mse=1.7253e-08 C/B=0.3691 t=44s
[673] nicole-morrison        mse=2.4439e-08 C/B=0.3691 t=42s
[674] michael-peters         mse=2.3231e-08 C/B=0.3691 t=43s
[675] kimberly-johnson       mse=1.9247e-08 C/B=0.3691 t=42s
[676] penny-mitchell         mse=2.3388e-08 C/B=0.3691 t=45s
[677] jill-barton            mse=2.0442e-08 C/B=0.3691 t=48s
[678] austin-vincent         mse=2.5389e-08 C/B=0.3691 t=47s
[679] kelsey-huerta          mse=2.1671e-08 C/B=0.3691 t=49s
[680] jacob-roth             mse=1.9100e-08 C/B=0.3691 t=46s
[681] steven-ware            mse=1.7840e-08 C/B=0.3691 t=42s
[682] gregory-duke           mse=2.2643e-08 C/B=0.3691 t=45s
[683] leslie-vargas          mse=2.1353e-08 C/B=0.3691 t=42s
[684] angel-jones            mse=2.3887e-08 C/B=0.3691 t=40s
[685] luke-oliver            mse=2.0729e-08 C/B=0.3691 t=42s
[686] jodi-chen              mse=2.0068e-08 C/B=0.3691 t=46s
[687] dana-valdez            mse=2.1232e-08 C/B=0.3691 t=46s
[688] kristine-smith         mse=2.3096e-08 C/B=0.3691 t=43s
[689] matthew-klein          mse=2.2102e-08 C/B=0.3691 t=46s
[690] laura-garza            mse=2.3540e-08 C/B=0.3691 t=45s
[691] caleb-lopez            mse=2.2598e-08 C/B=0.3691 t=43s
[692] gabriel-gomez          mse=2.7732e-08 C/B=0.3691 t=43s
[693] nicole-johnson         mse=2.1230e-08 C/B=0.3691 t=40s
[694] andrew-todd            mse=1.9319e-08 C/B=0.3691 t=41s
[695] john-reed              mse=1.9198e-08 C/B=0.3691 t=41s
[696] patricia-woodward      mse=1.9973e-08 C/B=0.3691 t=45s
[697] matthew-boyd           mse=1.8910e-08 C/B=0.3691 t=48s
[698] shannon-maxwell        mse=2.3344e-08 C/B=0.3691 t=37s
[699] vickie-nicholson       mse=1.8998e-08 C/B=0.3691 t=40s
[700] summer-webster         mse=2.4808e-08 C/B=0.3691 t=37s
[701] colleen-macdonald      mse=1.7057e-08 C/B=0.3691 t=46s
[702] christine-schmidt      mse=2.0950e-08 C/B=0.3691 t=49s
[703] shelby-palmer          mse=1.9476e-08 C/B=0.3691 t=40s
[704] angela-perry           mse=1.7576e-08 C/B=0.3691 t=37s
[705] crystal-martinez       mse=2.0578e-08 C/B=0.3691 t=37s
[706] howard-hess            mse=2.3907e-08 C/B=0.3691 t=37s
[707] tiffany-avery          mse=2.0443e-08 C/B=0.3691 t=37s
[708] ashley-hall            mse=1.5938e-08 C/B=0.3691 t=38s
[709] glenn-leach            mse=1.7481e-08 C/B=0.3691 t=36s
[710] ryan-hernandez         mse=1.9855e-08 C/B=0.3691 t=35s
[711] denise-olsen           mse=2.2189e-08 C/B=0.3691 t=40s
[712] arthur-mosley          mse=2.1809e-08 C/B=0.3691 t=37s
[713] valerie-gates          mse=1.9040e-08 C/B=0.3691 t=35s
[714] derek-ortega           mse=2.1595e-08 C/B=0.3691 t=37s
[715] christopher-haas       mse=2.3489e-08 C/B=0.3691 t=38s
