convention check: corr(mu1, t0@W1)=1.000000 corr(mu1, W1@t0)=0.013071
[000] logan-fitzgerald     mse=2.292e-08 T-fit a(m=5,10,15)=0.975,0.995,1.025 born-frac(m=5,10,15)=0.44,0.29,0.19 | contrib->e15 by layer (x1e-9): 0.0 0.0 0.0 0.1 0.1 0.4 0.5 0.7 1.0 1.2 2.0 2.2 2.5 2.8 4.0 4.4 sum-check 1.000 t=12s
[001] william-graves       mse=2.085e-08 T-fit a(m=5,10,15)=0.994,1.024,1.009 born-frac(m=5,10,15)=0.47,0.29,0.22 | contrib->e15 by layer (x1e-9): 0.0 0.0 0.0 0.1 0.2 0.2 0.5 0.8 0.9 1.4 1.5 1.9 2.5 3.6 4.7 4.5 sum-check 1.000 t=10s
[002] raymond-barnes       mse=2.613e-08 T-fit a(m=5,10,15)=0.962,1.011,0.998 born-frac(m=5,10,15)=0.45,0.24,0.20 | contrib->e15 by layer (x1e-9): 0.0 0.0 0.1 0.2 0.2 0.4 0.7 1.0 1.2 1.5 1.9 2.3 2.2 3.2 4.5 5.1 sum-check 1.000 t=9s
[003] steven-rice          mse=2.497e-08 T-fit a(m=5,10,15)=1.013,1.003,0.992 born-frac(m=5,10,15)=0.41,0.34,0.20 | contrib->e15 by layer (x1e-9): 0.0 0.0 0.0 0.1 0.2 0.3 0.6 0.8 1.5 1.3 2.3 2.2 3.7 3.7 4.3 5.0 sum-check 1.000 t=7s
[004] sarah-kelley         mse=2.206e-08 T-fit a(m=5,10,15)=1.024,1.000,1.020 born-frac(m=5,10,15)=0.40,0.30,0.21 | contrib->e15 by layer (x1e-9): 0.0 0.0 0.0 0.1 0.2 0.2 0.4 0.5 0.6 1.1 1.7 1.6 2.3 3.4 4.0 4.6 sum-check 1.000 t=6s
[005] christopher-morales  mse=1.961e-08 T-fit a(m=5,10,15)=0.956,0.985,1.012 born-frac(m=5,10,15)=0.45,0.33,0.21 | contrib->e15 by layer (x1e-9): 0.0 0.0 0.0 0.1 0.1 0.3 0.5 0.4 0.8 0.8 1.1 1.4 2.2 2.9 3.5 4.1 sum-check 1.000 t=5s
[006] cheryl-graham        mse=2.081e-08 T-fit a(m=5,10,15)=1.048,1.019,1.002 born-frac(m=5,10,15)=0.44,0.29,0.16 | contrib->e15 by layer (x1e-9): 0.0 0.0 0.0 0.1 0.1 0.2 0.3 0.6 1.0 1.0 1.9 1.6 2.0 2.9 2.8 3.4 sum-check 1.000 t=6s
[007] renee-park           mse=2.434e-08 T-fit a(m=5,10,15)=0.959,0.979,1.003 born-frac(m=5,10,15)=0.42,0.26,0.15 | contrib->e15 by layer (x1e-9): 0.0 0.0 0.0 0.1 0.2 0.2 0.5 0.5 0.8 1.0 1.3 1.8 2.3 3.1 3.5 3.6 sum-check 1.000 t=6s
[008] justin-johnson       mse=2.333e-08 T-fit a(m=5,10,15)=1.007,0.995,0.987 born-frac(m=5,10,15)=0.51,0.26,0.21 | contrib->e15 by layer (x1e-9): 0.0 0.0 0.0 0.1 0.2 0.4 0.5 0.5 0.9 1.1 1.6 1.5 1.9 3.3 3.4 5.0 sum-check 1.000 t=6s
[009] christina-lopez      mse=2.528e-08 T-fit a(m=5,10,15)=0.954,0.999,0.998 born-frac(m=5,10,15)=0.54,0.26,0.20 | contrib->e15 by layer (x1e-9): 0.0 0.0 0.1 0.1 0.1 0.4 0.5 0.9 0.8 1.2 1.8 1.6 1.8 3.8 4.0 5.1 sum-check 1.000 t=5s
[010] randy-murray         mse=2.280e-08 T-fit a(m=5,10,15)=0.975,1.023,1.014 born-frac(m=5,10,15)=0.46,0.30,0.18 | contrib->e15 by layer (x1e-9): 0.0 0.0 0.0 0.1 0.1 0.3 0.5 0.5 0.7 1.1 1.1 1.9 2.2 2.7 4.0 4.1 sum-check 1.000 t=5s
[011] john-koch            mse=2.288e-08 T-fit a(m=5,10,15)=0.994,1.004,0.986 born-frac(m=5,10,15)=0.47,0.23,0.22 | contrib->e15 by layer (x1e-9): 0.0 0.0 0.1 0.1 0.2 0.4 0.5 0.8 0.9 1.6 1.5 2.0 3.0 3.3 3.3 5.0 sum-check 1.000 t=6s
[012] susan-butler         mse=2.101e-08 T-fit a(m=5,10,15)=1.003,1.006,1.004 born-frac(m=5,10,15)=0.47,0.30,0.21 | contrib->e15 by layer (x1e-9): 0.0 0.0 0.0 0.1 0.1 0.4 0.3 0.6 0.9 1.1 1.7 1.5 3.2 2.8 3.3 4.3 sum-check 1.000 t=5s
[013] crystal-gonzales     mse=2.157e-08 T-fit a(m=5,10,15)=0.974,0.970,0.990 born-frac(m=5,10,15)=0.47,0.32,0.23 | contrib->e15 by layer (x1e-9): 0.0 0.0 0.0 0.1 0.2 0.3 0.4 0.9 0.8 1.0 1.5 2.2 2.3 3.4 4.1 4.9 sum-check 1.000 t=6s
[014] troy-richardson      mse=2.419e-08 T-fit a(m=5,10,15)=1.060,0.977,1.025 born-frac(m=5,10,15)=0.40,0.30,0.18 | contrib->e15 by layer (x1e-9): 0.0 0.0 0.0 0.1 0.1 0.2 0.4 0.7 0.7 0.9 1.5 2.0 1.9 3.3 3.4 4.3 sum-check 1.000 t=6s
[015] sharon-whitehead     mse=2.420e-08 T-fit a(m=5,10,15)=1.019,1.036,0.973 born-frac(m=5,10,15)=0.43,0.27,0.20 | contrib->e15 by layer (x1e-9): 0.0 0.0 0.0 0.1 0.2 0.2 0.5 0.6 1.1 1.1 1.7 2.2 2.2 3.0 4.3 4.8 sum-check 1.000 t=5s
[016] adam-morrison        mse=1.752e-08 T-fit a(m=5,10,15)=0.968,1.006,1.006 born-frac(m=5,10,15)=0.49,0.30,0.16 | contrib->e15 by layer (x1e-9): 0.0 0.0 0.0 0.1 0.2 0.2 0.4 0.5 0.8 1.3 1.6 2.4 2.1 2.7 3.1 2.9 sum-check 1.000 t=5s
[017] william-simmons      mse=1.969e-08 T-fit a(m=5,10,15)=1.003,1.035,0.998 born-frac(m=5,10,15)=0.40,0.30,0.22 | contrib->e15 by layer (x1e-9): 0.0 0.0 0.0 0.1 0.2 0.3 0.3 0.5 0.8 1.1 1.4 1.8 2.9 3.2 4.1 4.4 sum-check 1.000 t=5s
[018] william-bryant       mse=2.295e-08 T-fit a(m=5,10,15)=0.943,1.046,1.003 born-frac(m=5,10,15)=0.48,0.27,0.19 | contrib->e15 by layer (x1e-9): 0.0 0.0 0.0 0.1 0.2 0.2 0.4 0.4 0.9 1.4 1.7 2.5 2.1 2.0 3.8 4.3 sum-check 1.000 t=6s
[019] angela-hancock       mse=1.895e-08 T-fit a(m=5,10,15)=1.047,1.038,1.003 born-frac(m=5,10,15)=0.46,0.24,0.18 | contrib->e15 by layer (x1e-9): 0.0 0.0 0.0 0.1 0.2 0.3 0.4 0.8 0.7 1.5 1.4 1.7 1.9 2.6 3.3 3.4 sum-check 1.000 t=3s
[020] lisa-aguirre         mse=2.366e-08 T-fit a(m=5,10,15)=0.998,0.986,1.016 born-frac(m=5,10,15)=0.46,0.29,0.19 | contrib->e15 by layer (x1e-9): 0.0 0.0 0.0 0.1 0.2 0.3 0.3 0.6 0.9 1.1 1.2 1.5 2.3 3.1 3.8 4.5 sum-check 1.000 t=3s
[021] marissa-perez        mse=2.543e-08 T-fit a(m=5,10,15)=1.022,1.013,1.005 born-frac(m=5,10,15)=0.47,0.32,0.19 | contrib->e15 by layer (x1e-9): 0.0 0.0 0.0 0.1 0.2 0.3 0.4 0.7 0.8 1.3 2.1 1.9 2.2 3.9 3.8 4.9 sum-check 1.000 t=5s
[022] matthew-cruz         mse=2.277e-08 T-fit a(m=5,10,15)=0.982,1.005,1.017 born-frac(m=5,10,15)=0.46,0.22,0.19 | contrib->e15 by layer (x1e-9): 0.0 0.0 0.0 0.1 0.2 0.4 0.6 1.1 0.9 1.3 1.5 1.9 2.6 2.6 3.3 4.4 sum-check 1.000 t=5s
[023] dana-parker          mse=2.081e-08 T-fit a(m=5,10,15)=1.021,1.030,1.020 born-frac(m=5,10,15)=0.44,0.23,0.18 | contrib->e15 by layer (x1e-9): 0.0 0.0 0.0 0.1 0.2 0.3 0.4 0.5 1.1 1.0 1.5 1.8 2.2 2.4 2.8 3.6 sum-check 1.000 t=5s
