/home/user/arc-whitebox/work/sub111_ao8/estimator.py:871: FlopscopeWarning: stats.norm.pdf promoted its float32 input to float64 to match scipy.stats. If float64 output was not intended, cast the result back with result.astype(np.float32) before downstream operations; float64 operations are billed at twice the float32 dtype rate.
  flops.stats.norm.pdf(v)
/home/user/arc-whitebox/work/sub111_ao8/estimator.py:872: FlopscopeWarning: stats.norm.cdf promoted its float32 input to float64 to match scipy.stats. If float64 output was not intended, cast the result back with result.astype(np.float32) before downstream operations; float64 operations are billed at twice the float32 dtype rate.
  flops.stats.norm.cdf(v)
/home/user/arc-whitebox/work/sub111_ao8/estimator.py:886: SymmetryLossWarning: Symmetry lost along dims (1, 2): slicing removed all symmetric dim groups. Use as_symmetric() to re-tag if you know the result is symmetric. Suppress with flops.configure(symmetry_warnings=False).
  fnp.einsum("tij,ti,tj,tg->gij", t3, t3[:, :, 0], t3[:, 0, :], g3)
/home/user/arc-whitebox/work/sub111_ao8/estimator.py:887: SymmetryLossWarning: Symmetry lost along dims (1, 2): slicing removed all symmetric dim groups. Use as_symmetric() to re-tag if you know the result is symmetric. Suppress with flops.configure(symmetry_warnings=False).
  fnp.einsum("ti,ti,tg->gi", t3[:, :, 0], t3[:, :, 1], g3)
/home/user/arc-whitebox/work/sub111_ao8/estimator.py:888: SymmetryLossWarning: Symmetry lost along dims (0, 1): slicing removed all symmetric dim groups. Use as_symmetric() to re-tag if you know the result is symmetric. Suppress with flops.configure(symmetry_warnings=False).
  fnp.einsum("iq,kqn->kin", m[:, :16], t3[:, :16, :])
/home/user/arc-whitebox/work/sub111_ao8/estimator.py:888: SymmetryLossWarning: Symmetry lost along dims (1, 2): slicing removed all symmetric dim groups. Use as_symmetric() to re-tag if you know the result is symmetric. Suppress with flops.configure(symmetry_warnings=False).
  fnp.einsum("iq,kqn->kin", m[:, :16], t3[:, :16, :])
/home/user/arc-whitebox/work/sub111_ao8/estimator.py:889: SymmetryLossWarning: Symmetry lost along dims (1, 2): slicing removed all symmetric dim groups. Use as_symmetric() to re-tag if you know the result is symmetric. Suppress with flops.configure(symmetry_warnings=False).
  fnp.einsum("ki,kc->ic", t3[:, :, 0], t3[:, :, 1])
/home/user/arc-whitebox/work/sub111_ao8/estimator.py:891: SymmetryLossWarning: Symmetry lost along dims (1, 2): slicing removed all symmetric dim groups. Use as_symmetric() to re-tag if you know the result is symmetric. Suppress with flops.configure(symmetry_warnings=False).
  fnp.einsum("kij,kj->ki", t3, t3[:, 0, :])
/home/user/arc-whitebox/work/sub111_ao8/estimator.py:892: SymmetryLossWarning: Symmetry lost along dims (1, 2): slicing removed all symmetric dim groups. Use as_symmetric() to re-tag if you know the result is symmetric. Suppress with flops.configure(symmetry_warnings=False).
  fnp.einsum("ki,ki->i", t3[:, :, 0], t3[:, :, 1])
/home/user/arc-whitebox/work/sub111_ao8/estimator.py:893: SymmetryLossWarning: Symmetry lost along dims (1, 2): slicing removed all symmetric dim groups. Use as_symmetric() to re-tag if you know the result is symmetric. Suppress with flops.configure(symmetry_warnings=False).
  fnp.einsum("kij,kqj->iq", t3, t3[:, :16, :])
/home/user/arc-whitebox/work/sub111_ao8/estimator.py:1343: FlopscopeWarning: stats.norm.pdf promoted its float32 input to float64 to match scipy.stats. If float64 output was not intended, cast the result back with result.astype(np.float32) before downstream operations; float64 operations are billed at twice the float32 dtype rate.
  phi = flops.stats.norm.pdf(alpha).astype(f32)
/home/user/arc-whitebox/work/sub111_ao8/estimator.py:1344: FlopscopeWarning: stats.norm.cdf promoted its float32 input to float64 to match scipy.stats. If float64 output was not intended, cast the result back with result.astype(np.float32) before downstream operations; float64 operations are billed at twice the float32 dtype rate.
  Phi = flops.stats.norm.cdf(alpha).astype(f32)
/home/user/arc-whitebox/work/sub111_ao8/estimator.py:1288: FlopscopeWarning: stats.norm.cdf promoted its float32 input to float64 to match scipy.stats. If float64 output was not intended, cast the result back with result.astype(np.float32) before downstream operations; float64 operations are billed at twice the float32 dtype rate.
  lvc = self._live(flops.stats.norm.cdf(mu / fnp.sqrt(var)).astype(f32), n)
[000] logan-fitzgerald       mse=2.3206e-08 C/B=0.3257 t=71s
[001] william-graves         mse=2.1137e-08 C/B=0.3244 t=58s
[002] raymond-barnes         mse=2.6856e-08 C/B=0.3209 t=57s
[003] steven-rice            mse=2.6047e-08 C/B=0.3214 t=59s
[004] sarah-kelley           mse=2.2396e-08 C/B=0.3248 t=59s
[005] christopher-morales    mse=1.9775e-08 C/B=0.3183 t=59s
[006] cheryl-graham          mse=2.1505e-08 C/B=0.3200 t=58s
[007] renee-park             mse=2.4374e-08 C/B=0.3214 t=61s
[008] justin-johnson         mse=2.4436e-08 C/B=0.3229 t=59s
[009] christina-lopez        mse=2.6117e-08 C/B=0.3214 t=61s
[010] randy-murray           mse=2.3749e-08 C/B=0.3198 t=57s
[011] john-koch              mse=2.3579e-08 C/B=0.3213 t=59s
[012] susan-butler           mse=2.0729e-08 C/B=0.3229 t=61s
[013] crystal-gonzales       mse=2.2358e-08 C/B=0.3246 t=61s
[014] troy-richardson        mse=2.4609e-08 C/B=0.3214 t=56s
[015] sharon-whitehead       mse=2.4237e-08 C/B=0.3246 t=58s
[016] adam-morrison          mse=1.8155e-08 C/B=0.3214 t=59s
[017] william-simmons        mse=2.0072e-08 C/B=0.3280 t=58s
[018] william-bryant         mse=2.3488e-08 C/B=0.3263 t=58s
[019] angela-hancock         mse=1.9631e-08 C/B=0.3198 t=58s
[020] lisa-aguirre           mse=2.4547e-08 C/B=0.3263 t=54s
[021] marissa-perez          mse=2.6551e-08 C/B=0.3198 t=60s
[022] matthew-cruz           mse=2.3828e-08 C/B=0.3198 t=55s
[023] dana-parker            mse=2.0971e-08 C/B=0.3214 t=58s
[024] justin-thomas          mse=2.4365e-08 C/B=0.3198 t=60s
[025] jose-booker            mse=2.2711e-08 C/B=0.3214 t=58s
[026] jennifer-best          mse=2.7016e-08 C/B=0.3214 t=58s
[027] lisa-dean              mse=1.7733e-08 C/B=0.3198 t=56s
[028] terri-salazar          mse=2.3198e-08 C/B=0.3167 t=55s
[029] monica-duncan          mse=1.8907e-08 C/B=0.3198 t=55s
[030] katherine-allen        mse=2.3162e-08 C/B=0.3214 t=55s
[031] stephanie-fowler       mse=1.7911e-08 C/B=0.3214 t=56s
[032] nathan-valdez          mse=2.2647e-08 C/B=0.3231 t=61s
[033] mark-sweeney           mse=2.6121e-08 C/B=0.3229 t=59s
[034] rachel-warren          mse=2.8165e-08 C/B=0.3198 t=56s
[035] cory-clarke            mse=1.9121e-08 C/B=0.3213 t=59s
[036] patricia-cochran       mse=2.1985e-08 C/B=0.3248 t=57s
[037] paige-miller           mse=2.9295e-08 C/B=0.3229 t=57s
[038] daniel-smith           mse=2.3721e-08 C/B=0.3181 t=58s
[039] rebecca-jackson        mse=2.4366e-08 C/B=0.3183 t=56s
[040] sylvia-stanley         mse=2.6718e-08 C/B=0.3198 t=57s
[041] john-lee               mse=1.9564e-08 C/B=0.3229 t=56s
[042] crystal-carrillo       mse=2.1578e-08 C/B=0.3198 t=59s
[043] renee-garcia           mse=2.4216e-08 C/B=0.3246 t=59s
