730 MLPs: train 630 holdout 100
F=30 sig_mu=1.218e-04
[         0] logan-fitzgerald     V29 2.2915e-08 corrected 2.0464e-08 ratio 0.893 (holdout)
[         1] william-graves       V29 2.0849e-08 corrected 1.9846e-08 ratio 0.952 (holdout)
[         2] raymond-barnes       V29 2.6131e-08 corrected 2.3535e-08 ratio 0.901 (holdout)
[         3] steven-rice          V29 2.4973e-08 corrected 2.3737e-08 ratio 0.950 (holdout)
[         4] sarah-kelley         V29 2.2062e-08 corrected 2.1083e-08 ratio 0.956 (holdout)
[         5] christopher-morales  V29 1.9613e-08 corrected 1.9843e-08 ratio 1.012 (holdout)
[         6] cheryl-graham        V29 2.0810e-08 corrected 2.1038e-08 ratio 1.011 (holdout)
[         7] renee-park           V29 2.4343e-08 corrected 2.1461e-08 ratio 0.882 (holdout)
[         8] justin-johnson       V29 2.3331e-08 corrected 2.0564e-08 ratio 0.881 (holdout)
[         9] christina-lopez      V29 2.5276e-08 corrected 2.2670e-08 ratio 0.897 (holdout)
[        10] randy-murray         V29 2.2797e-08 corrected 2.0434e-08 ratio 0.896 (holdout)
[        11] john-koch            V29 2.2883e-08 corrected 2.3171e-08 ratio 1.013 (holdout)
[        12] susan-butler         V29 2.1008e-08 corrected 2.0462e-08 ratio 0.974 (holdout)
[        13] crystal-gonzales     V29 2.1567e-08 corrected 2.1343e-08 ratio 0.990 (holdout)
[        14] troy-richardson      V29 2.4192e-08 corrected 2.1700e-08 ratio 0.897 (holdout)
[        15] sharon-whitehead     V29 2.4198e-08 corrected 2.2668e-08 ratio 0.937 (holdout)
[        16] adam-morrison        V29 1.7524e-08 corrected 1.6754e-08 ratio 0.956 (holdout)
[        17] william-simmons      V29 1.9688e-08 corrected 1.8825e-08 ratio 0.956 (holdout)
[        18] william-bryant       V29 2.2946e-08 corrected 2.0591e-08 ratio 0.897 (holdout)
[        19] angela-hancock       V29 1.8952e-08 corrected 1.8045e-08 ratio 0.952 (holdout)
[        20] lisa-aguirre         V29 2.3655e-08 corrected 2.1600e-08 ratio 0.913 (holdout)
[        21] marissa-perez        V29 2.5427e-08 corrected 2.2585e-08 ratio 0.888 (holdout)
[        22] matthew-cruz         V29 2.2772e-08 corrected 2.0116e-08 ratio 0.883 (holdout)
[        23] dana-parker          V29 2.0809e-08 corrected 1.7745e-08 ratio 0.853 (holdout)
[        24] justin-thomas        V29 2.3588e-08 corrected 2.1145e-08 ratio 0.896 (holdout)
[        25] jose-booker          V29 2.2533e-08 corrected 2.1713e-08 ratio 0.964 (holdout)
[        26] jennifer-best        V29 2.6513e-08 corrected 2.4866e-08 ratio 0.938 (holdout)
[        27] lisa-dean            V29 1.7417e-08 corrected 1.6352e-08 ratio 0.939 (holdout)
[        28] terri-salazar        V29 2.3003e-08 corrected 2.2242e-08 ratio 0.967 (holdout)
[        29] monica-duncan        V29 1.9019e-08 corrected 1.7554e-08 ratio 0.923 (holdout)
[        30] katherine-allen      V29 2.2971e-08 corrected 2.1261e-08 ratio 0.926 (holdout)
[        31] stephanie-fowler     V29 1.7629e-08 corrected 1.6889e-08 ratio 0.958 (holdout)
[        32] nathan-valdez        V29 2.2575e-08 corrected 2.0532e-08 ratio 0.909 (holdout)
[        33] mark-sweeney         V29 2.5814e-08 corrected 2.3608e-08 ratio 0.915 (holdout)
[        34] rachel-warren        V29 2.7680e-08 corrected 2.5067e-08 ratio 0.906 (holdout)
[        35] cory-clarke          V29 1.8601e-08 corrected 1.7650e-08 ratio 0.949 (holdout)
[        36] patricia-cochran     V29 2.1676e-08 corrected 2.0842e-08 ratio 0.961 (holdout)
[        37] paige-miller         V29 2.8314e-08 corrected 2.5715e-08 ratio 0.908 (holdout)
[        38] daniel-smith         V29 2.3742e-08 corrected 2.3585e-08 ratio 0.993 (holdout)
[        39] rebecca-jackson      V29 2.4226e-08 corrected 2.3451e-08 ratio 0.968 (holdout)
[        40] sylvia-stanley       V29 2.6899e-08 corrected 2.6005e-08 ratio 0.967 (holdout)
[        41] john-lee             V29 1.9279e-08 corrected 1.7182e-08 ratio 0.891 (holdout)
[        42] crystal-carrillo     V29 2.1132e-08 corrected 1.9577e-08 ratio 0.926 (holdout)
[        43] renee-garcia         V29 2.3993e-08 corrected 2.2756e-08 ratio 0.948 (holdout)
[        44] anita-collier        V29 2.2915e-08 corrected 2.2061e-08 ratio 0.963 (holdout)
[        45] tina-webb            V29 1.7682e-08 corrected 1.4723e-08 ratio 0.833 (holdout)
[        46] lisa-mitchell        V29 2.3306e-08 corrected 2.2375e-08 ratio 0.960 (holdout)
[        47] douglas-kelly        V29 3.0302e-08 corrected 2.8823e-08 ratio 0.951 (holdout)
[        48] maria-calderon       V29 2.3956e-08 corrected 2.1877e-08 ratio 0.913 (holdout)
[        49] jay-harris           V29 1.7757e-08 corrected 1.6297e-08 ratio 0.918 (holdout)
[        50] robyn-davis          V29 1.6699e-08 corrected 1.5625e-08 ratio 0.936 (holdout)
[        51] daniel-vasquez       V29 2.0567e-08 corrected 2.1393e-08 ratio 1.040 (holdout)
[        52] richard-davis        V29 2.3896e-08 corrected 2.2821e-08 ratio 0.955 (holdout)
[        53] darryl-lewis         V29 1.9150e-08 corrected 1.7375e-08 ratio 0.907 (holdout)
[        54] james-parsons        V29 2.4720e-08 corrected 2.0552e-08 ratio 0.831 (holdout)
[        55] victor-short         V29 2.4246e-08 corrected 2.4138e-08 ratio 0.996 (holdout)
[        56] katherine-singh      V29 1.4376e-08 corrected 1.4446e-08 ratio 1.005 (holdout)
[        57] gregory-wilson       V29 2.1278e-08 corrected 1.8910e-08 ratio 0.889 (holdout)
[        58] daniel-graves        V29 1.7142e-08 corrected 1.4553e-08 ratio 0.849 (holdout)
[        59] amy-fields           V29 2.3962e-08 corrected 2.2585e-08 ratio 0.943 (holdout)
[        60] erica-whitaker       V29 2.2996e-08 corrected 2.1155e-08 ratio 0.920 (holdout)
[        61] mallory-morales      V29 2.1778e-08 corrected 2.1586e-08 ratio 0.991 (holdout)
[        62] walter-moore         V29 2.3802e-08 corrected 2.1913e-08 ratio 0.921 (holdout)
[        63] dillon-taylor        V29 1.7193e-08 corrected 1.5636e-08 ratio 0.909 (holdout)
[        64] diane-jones          V29 2.4424e-08 corrected 2.3814e-08 ratio 0.975 (holdout)
[        65] brandon-king         V29 2.2943e-08 corrected 2.1872e-08 ratio 0.953 (holdout)
[        66] samuel-simon         V29 1.7264e-08 corrected 1.6917e-08 ratio 0.980 (holdout)
[        67] marie-paul           V29 2.7609e-08 corrected 2.5482e-08 ratio 0.923 (holdout)
[        68] barbara-walls        V29 2.2250e-08 corrected 1.9509e-08 ratio 0.877 (holdout)
[        69] deborah-harris       V29 2.1678e-08 corrected 2.0305e-08 ratio 0.937 (holdout)
[        70] daniel-smith-2       V29 1.9173e-08 corrected 1.7996e-08 ratio 0.939 (holdout)
[        71] mary-garrett         V29 1.9827e-08 corrected 1.9254e-08 ratio 0.971 (holdout)
[        72] sandra-powell        V29 1.9883e-08 corrected 1.8227e-08 ratio 0.917 (holdout)
[        73] victor-garrett       V29 2.8412e-08 corrected 2.8402e-08 ratio 1.000 (holdout)
[        74] steven-montgomery    V29 2.1421e-08 corrected 1.8897e-08 ratio 0.882 (holdout)
[        75] jennifer-perez       V29 1.8914e-08 corrected 1.7847e-08 ratio 0.944 (holdout)
[        76] scott-young          V29 2.5195e-08 corrected 2.2754e-08 ratio 0.903 (holdout)
[        77] debra-jones          V29 2.1630e-08 corrected 2.0628e-08 ratio 0.954 (holdout)
[        78] george-chase         V29 2.5715e-08 corrected 2.3788e-08 ratio 0.925 (holdout)
[        79] troy-welch           V29 1.7460e-08 corrected 1.7110e-08 ratio 0.980 (holdout)
[        80] jacob-adams          V29 2.0547e-08 corrected 1.8685e-08 ratio 0.909 (holdout)
[        81] courtney-baker       V29 1.7657e-08 corrected 1.7183e-08 ratio 0.973 (holdout)
[        82] pamela-carr          V29 1.7677e-08 corrected 1.6771e-08 ratio 0.949 (holdout)
[        83] denise-smith         V29 2.4023e-08 corrected 2.2296e-08 ratio 0.928 (holdout)
[        84] michelle-taylor      V29 2.6133e-08 corrected 2.2687e-08 ratio 0.868 (holdout)
[        85] ashley-williams      V29 1.9803e-08 corrected 1.8256e-08 ratio 0.922 (holdout)
[        86] judith-maxwell       V29 2.0294e-08 corrected 1.9283e-08 ratio 0.950 (holdout)
[        87] travis-reed          V29 2.3245e-08 corrected 2.1923e-08 ratio 0.943 (holdout)
[        88] heather-strickland   V29 2.4648e-08 corrected 2.2701e-08 ratio 0.921 (holdout)
[        89] kyle-petersen        V29 2.2193e-08 corrected 2.0617e-08 ratio 0.929 (holdout)
[        90] rachel-kelley        V29 2.9548e-08 corrected 2.8562e-08 ratio 0.967 (holdout)
[        91] robert-patrick       V29 2.1587e-08 corrected 2.0268e-08 ratio 0.939 (holdout)
[        92] james-perez          V29 2.4772e-08 corrected 2.3564e-08 ratio 0.951 (holdout)
[        93] nathan-moore         V29 2.6581e-08 corrected 2.4961e-08 ratio 0.939 (holdout)
[        94] gregory-harrison     V29 1.7553e-08 corrected 1.7076e-08 ratio 0.973 (holdout)
[        95] mark-snyder          V29 2.5385e-08 corrected 2.3541e-08 ratio 0.927 (holdout)
[        96] kathleen-mueller     V29 2.4074e-08 corrected 2.3159e-08 ratio 0.962 (holdout)
[        97] michelle-kramer      V29 1.9420e-08 corrected 1.9654e-08 ratio 1.012 (holdout)
[        98] elizabeth-hughes     V29 2.2301e-08 corrected 2.0117e-08 ratio 0.902 (holdout)
[        99] kelsey-gonzalez      V29 2.4235e-08 corrected 2.2162e-08 ratio 0.914 (holdout)
ENSEMBLE holdout: n=100 mean ratio 0.9349
