730 MLPs: train 630 holdout 100
F=30 sig_mu=1.218e-04
[         0] logan-fitzgerald     V29 2.2915e-08 corrected 2.0374e-08 ratio 0.889 (holdout)
[         1] william-graves       V29 2.0849e-08 corrected 2.0262e-08 ratio 0.972 (holdout)
[         2] raymond-barnes       V29 2.6131e-08 corrected 2.3826e-08 ratio 0.912 (holdout)
[         3] steven-rice          V29 2.4973e-08 corrected 2.3480e-08 ratio 0.940 (holdout)
[         4] sarah-kelley         V29 2.2062e-08 corrected 2.1105e-08 ratio 0.957 (holdout)
[         5] christopher-morales  V29 1.9613e-08 corrected 1.9530e-08 ratio 0.996 (holdout)
[         6] cheryl-graham        V29 2.0810e-08 corrected 2.0686e-08 ratio 0.994 (holdout)
[         7] renee-park           V29 2.4343e-08 corrected 2.1052e-08 ratio 0.865 (holdout)
[         8] justin-johnson       V29 2.3331e-08 corrected 2.0445e-08 ratio 0.876 (holdout)
[         9] christina-lopez      V29 2.5276e-08 corrected 2.2214e-08 ratio 0.879 (holdout)
[        10] randy-murray         V29 2.2797e-08 corrected 2.0261e-08 ratio 0.889 (holdout)
[        11] john-koch            V29 2.2883e-08 corrected 2.3320e-08 ratio 1.019 (holdout)
[        12] susan-butler         V29 2.1008e-08 corrected 2.0348e-08 ratio 0.969 (holdout)
[        13] crystal-gonzales     V29 2.1567e-08 corrected 2.1062e-08 ratio 0.977 (holdout)
[        14] troy-richardson      V29 2.4192e-08 corrected 2.1271e-08 ratio 0.879 (holdout)
[        15] sharon-whitehead     V29 2.4198e-08 corrected 2.2598e-08 ratio 0.934 (holdout)
[        16] adam-morrison        V29 1.7524e-08 corrected 1.6588e-08 ratio 0.947 (holdout)
[        17] william-simmons      V29 1.9688e-08 corrected 1.8837e-08 ratio 0.957 (holdout)
[        18] william-bryant       V29 2.2946e-08 corrected 2.0326e-08 ratio 0.886 (holdout)
[        19] angela-hancock       V29 1.8952e-08 corrected 1.7722e-08 ratio 0.935 (holdout)
[        20] lisa-aguirre         V29 2.3655e-08 corrected 2.1406e-08 ratio 0.905 (holdout)
[        21] marissa-perez        V29 2.5427e-08 corrected 2.2309e-08 ratio 0.877 (holdout)
[        22] matthew-cruz         V29 2.2772e-08 corrected 1.9899e-08 ratio 0.874 (holdout)
[        23] dana-parker          V29 2.0809e-08 corrected 1.7428e-08 ratio 0.837 (holdout)
[        24] justin-thomas        V29 2.3588e-08 corrected 2.1073e-08 ratio 0.893 (holdout)
[        25] jose-booker          V29 2.2533e-08 corrected 2.1521e-08 ratio 0.955 (holdout)
[        26] jennifer-best        V29 2.6513e-08 corrected 2.4653e-08 ratio 0.930 (holdout)
[        27] lisa-dean            V29 1.7417e-08 corrected 1.6310e-08 ratio 0.936 (holdout)
[        28] terri-salazar        V29 2.3003e-08 corrected 2.2120e-08 ratio 0.962 (holdout)
[        29] monica-duncan        V29 1.9019e-08 corrected 1.7615e-08 ratio 0.926 (holdout)
[        30] katherine-allen      V29 2.2971e-08 corrected 2.1137e-08 ratio 0.920 (holdout)
[        31] stephanie-fowler     V29 1.7629e-08 corrected 1.6793e-08 ratio 0.953 (holdout)
[        32] nathan-valdez        V29 2.2575e-08 corrected 2.0573e-08 ratio 0.911 (holdout)
[        33] mark-sweeney         V29 2.5814e-08 corrected 2.4100e-08 ratio 0.934 (holdout)
[        34] rachel-warren        V29 2.7680e-08 corrected 2.4301e-08 ratio 0.878 (holdout)
[        35] cory-clarke          V29 1.8601e-08 corrected 1.7368e-08 ratio 0.934 (holdout)
[        36] patricia-cochran     V29 2.1676e-08 corrected 2.0699e-08 ratio 0.955 (holdout)
[        37] paige-miller         V29 2.8314e-08 corrected 2.5289e-08 ratio 0.893 (holdout)
[        38] daniel-smith         V29 2.3742e-08 corrected 2.3984e-08 ratio 1.010 (holdout)
[        39] rebecca-jackson      V29 2.4226e-08 corrected 2.2920e-08 ratio 0.946 (holdout)
[        40] sylvia-stanley       V29 2.6899e-08 corrected 2.5995e-08 ratio 0.966 (holdout)
[        41] john-lee             V29 1.9279e-08 corrected 1.6903e-08 ratio 0.877 (holdout)
[        42] crystal-carrillo     V29 2.1132e-08 corrected 1.9279e-08 ratio 0.912 (holdout)
[        43] renee-garcia         V29 2.3993e-08 corrected 2.2134e-08 ratio 0.923 (holdout)
[        44] anita-collier        V29 2.2915e-08 corrected 2.2102e-08 ratio 0.965 (holdout)
[        45] tina-webb            V29 1.7682e-08 corrected 1.4379e-08 ratio 0.813 (holdout)
[        46] lisa-mitchell        V29 2.3306e-08 corrected 2.2307e-08 ratio 0.957 (holdout)
[        47] douglas-kelly        V29 3.0302e-08 corrected 2.8342e-08 ratio 0.935 (holdout)
[        48] maria-calderon       V29 2.3956e-08 corrected 2.2052e-08 ratio 0.921 (holdout)
[        49] jay-harris           V29 1.7757e-08 corrected 1.6032e-08 ratio 0.903 (holdout)
[        50] robyn-davis          V29 1.6699e-08 corrected 1.5453e-08 ratio 0.925 (holdout)
[        51] daniel-vasquez       V29 2.0567e-08 corrected 2.1078e-08 ratio 1.025 (holdout)
[        52] richard-davis        V29 2.3896e-08 corrected 2.3259e-08 ratio 0.973 (holdout)
[        53] darryl-lewis         V29 1.9150e-08 corrected 1.7292e-08 ratio 0.903 (holdout)
[        54] james-parsons        V29 2.4720e-08 corrected 2.0072e-08 ratio 0.812 (holdout)
[        55] victor-short         V29 2.4246e-08 corrected 2.3906e-08 ratio 0.986 (holdout)
[        56] katherine-singh      V29 1.4376e-08 corrected 1.4354e-08 ratio 0.998 (holdout)
[        57] gregory-wilson       V29 2.1278e-08 corrected 1.8556e-08 ratio 0.872 (holdout)
[        58] daniel-graves        V29 1.7142e-08 corrected 1.4458e-08 ratio 0.843 (holdout)
[        59] amy-fields           V29 2.3962e-08 corrected 2.2155e-08 ratio 0.925 (holdout)
[        60] erica-whitaker       V29 2.2996e-08 corrected 2.1042e-08 ratio 0.915 (holdout)
[        61] mallory-morales      V29 2.1778e-08 corrected 2.1426e-08 ratio 0.984 (holdout)
[        62] walter-moore         V29 2.3802e-08 corrected 2.1722e-08 ratio 0.913 (holdout)
[        63] dillon-taylor        V29 1.7193e-08 corrected 1.5486e-08 ratio 0.901 (holdout)
[        64] diane-jones          V29 2.4424e-08 corrected 2.3571e-08 ratio 0.965 (holdout)
[        65] brandon-king         V29 2.2943e-08 corrected 2.1683e-08 ratio 0.945 (holdout)
[        66] samuel-simon         V29 1.7264e-08 corrected 1.6821e-08 ratio 0.974 (holdout)
[        67] marie-paul           V29 2.7609e-08 corrected 2.5109e-08 ratio 0.909 (holdout)
[        68] barbara-walls        V29 2.2250e-08 corrected 1.9208e-08 ratio 0.863 (holdout)
[        69] deborah-harris       V29 2.1678e-08 corrected 1.9996e-08 ratio 0.922 (holdout)
[        70] daniel-smith-2       V29 1.9173e-08 corrected 1.7665e-08 ratio 0.921 (holdout)
[        71] mary-garrett         V29 1.9827e-08 corrected 1.9194e-08 ratio 0.968 (holdout)
[        72] sandra-powell        V29 1.9883e-08 corrected 1.8145e-08 ratio 0.913 (holdout)
[        73] victor-garrett       V29 2.8412e-08 corrected 2.7911e-08 ratio 0.982 (holdout)
[        74] steven-montgomery    V29 2.1421e-08 corrected 1.8805e-08 ratio 0.878 (holdout)
[        75] jennifer-perez       V29 1.8914e-08 corrected 1.7675e-08 ratio 0.935 (holdout)
[        76] scott-young          V29 2.5195e-08 corrected 2.2489e-08 ratio 0.893 (holdout)
[        77] debra-jones          V29 2.1630e-08 corrected 2.0571e-08 ratio 0.951 (holdout)
[        78] george-chase         V29 2.5715e-08 corrected 2.3753e-08 ratio 0.924 (holdout)
[        79] troy-welch           V29 1.7460e-08 corrected 1.6899e-08 ratio 0.968 (holdout)
[        80] jacob-adams          V29 2.0547e-08 corrected 1.8443e-08 ratio 0.898 (holdout)
[        81] courtney-baker       V29 1.7657e-08 corrected 1.6883e-08 ratio 0.956 (holdout)
[        82] pamela-carr          V29 1.7677e-08 corrected 1.6541e-08 ratio 0.936 (holdout)
[        83] denise-smith         V29 2.4023e-08 corrected 2.1797e-08 ratio 0.907 (holdout)
[        84] michelle-taylor      V29 2.6133e-08 corrected 2.1789e-08 ratio 0.834 (holdout)
[        85] ashley-williams      V29 1.9803e-08 corrected 1.7922e-08 ratio 0.905 (holdout)
[        86] judith-maxwell       V29 2.0294e-08 corrected 1.9227e-08 ratio 0.947 (holdout)
[        87] travis-reed          V29 2.3245e-08 corrected 2.2037e-08 ratio 0.948 (holdout)
[        88] heather-strickland   V29 2.4648e-08 corrected 2.2227e-08 ratio 0.902 (holdout)
[        89] kyle-petersen        V29 2.2193e-08 corrected 1.9979e-08 ratio 0.900 (holdout)
[        90] rachel-kelley        V29 2.9548e-08 corrected 2.7711e-08 ratio 0.938 (holdout)
[        91] robert-patrick       V29 2.1587e-08 corrected 1.9914e-08 ratio 0.922 (holdout)
[        92] james-perez          V29 2.4772e-08 corrected 2.3306e-08 ratio 0.941 (holdout)
[        93] nathan-moore         V29 2.6581e-08 corrected 2.4484e-08 ratio 0.921 (holdout)
[        94] gregory-harrison     V29 1.7553e-08 corrected 1.7259e-08 ratio 0.983 (holdout)
[        95] mark-snyder          V29 2.5385e-08 corrected 2.3583e-08 ratio 0.929 (holdout)
[        96] kathleen-mueller     V29 2.4074e-08 corrected 2.2792e-08 ratio 0.947 (holdout)
[        97] michelle-kramer      V29 1.9420e-08 corrected 1.9582e-08 ratio 1.008 (holdout)
[        98] elizabeth-hughes     V29 2.2301e-08 corrected 2.0037e-08 ratio 0.898 (holdout)
[        99] kelsey-gonzalez      V29 2.4235e-08 corrected 2.1899e-08 ratio 0.904 (holdout)
ENSEMBLE holdout: n=100 mean ratio 0.9260
