100 MLPs: train 80 holdout 20
F=30 sig_mu=1.221e-04
/home/user/arc-whitebox/work/gru_corr.py:184: UserWarning: Converting a tensor with requires_grad=True to a scalar may lead to unexpected behavior.
Consider using tensor.detach() first. (Triggered internally at /__w/pytorch/pytorch/torch/csrc/autograd/generated/python_variable_methods.cpp:820.)
  tot += float(loss)
ep   0 loss 1.2650  final-layer MSE ratio train 0.997  holdout 0.997 (median 0.999)  best 0.997@0  t=44s
ep   5 loss 1.2508  final-layer MSE ratio train 0.984  holdout 0.988 (median 0.990)  best 0.988@5  t=242s
ep  10 loss 1.1766  final-layer MSE ratio train 0.919  holdout 0.956 (median 0.955)  best 0.956@10  t=435s
ep  15 loss 1.1512  final-layer MSE ratio train 0.909  holdout 0.983 (median 0.977)  best 0.956@10  t=627s
ep  20 loss 1.1403  final-layer MSE ratio train 0.892  holdout 0.976 (median 0.970)  best 0.956@10  t=819s
ep  25 loss 1.1241  final-layer MSE ratio train 0.886  holdout 0.971 (median 0.973)  best 0.956@10  t=1009s
ep  30 loss 1.1139  final-layer MSE ratio train 0.863  holdout 0.974 (median 0.976)  best 0.956@10  t=1192s
ep  35 loss 1.1054  final-layer MSE ratio train 0.868  holdout 0.989 (median 0.982)  best 0.956@10  t=1373s
ep  40 loss 1.0996  final-layer MSE ratio train 0.859  holdout 0.997 (median 0.996)  best 0.956@10  t=1560s
ep  45 loss 1.0947  final-layer MSE ratio train 0.849  holdout 0.987 (median 0.982)  best 0.956@10  t=1762s
ep  50 loss 1.0921  final-layer MSE ratio train 0.846  holdout 0.995 (median 0.997)  best 0.956@10  t=1944s
ep  55 loss 1.0907  final-layer MSE ratio train 0.845  holdout 0.993 (median 0.992)  best 0.956@10  t=2133s
ep  59 loss 1.0899  final-layer MSE ratio train 0.845  holdout 0.993 (median 0.994)  best 0.956@10  t=2281s
BEST holdout ratio 0.9564 at epoch 10 (saved)
saved work/gru_m100_s3.npz params 16850
