730 MLPs: train 630 holdout 100
F=30 sig_mu=1.218e-04
[         0] logan-fitzgerald     V29 2.2915e-08 corrected 2.0267e-08 ratio 0.884 (holdout)
[         1] william-graves       V29 2.0849e-08 corrected 2.0451e-08 ratio 0.981 (holdout)
[         2] raymond-barnes       V29 2.6131e-08 corrected 2.3870e-08 ratio 0.913 (holdout)
[         3] steven-rice          V29 2.4973e-08 corrected 2.3435e-08 ratio 0.938 (holdout)
[         4] sarah-kelley         V29 2.2062e-08 corrected 2.1173e-08 ratio 0.960 (holdout)
[         5] christopher-morales  V29 1.9613e-08 corrected 1.9338e-08 ratio 0.986 (holdout)
[         6] cheryl-graham        V29 2.0810e-08 corrected 2.0578e-08 ratio 0.989 (holdout)
[         7] renee-park           V29 2.4343e-08 corrected 2.1047e-08 ratio 0.865 (holdout)
[         8] justin-johnson       V29 2.3331e-08 corrected 2.0490e-08 ratio 0.878 (holdout)
[         9] christina-lopez      V29 2.5276e-08 corrected 2.2245e-08 ratio 0.880 (holdout)
[        10] randy-murray         V29 2.2797e-08 corrected 2.0135e-08 ratio 0.883 (holdout)
[        11] john-koch            V29 2.2883e-08 corrected 2.3283e-08 ratio 1.017 (holdout)
[        12] susan-butler         V29 2.1008e-08 corrected 2.0405e-08 ratio 0.971 (holdout)
[        13] crystal-gonzales     V29 2.1567e-08 corrected 2.1063e-08 ratio 0.977 (holdout)
[        14] troy-richardson      V29 2.4192e-08 corrected 2.1123e-08 ratio 0.873 (holdout)
[        15] sharon-whitehead     V29 2.4198e-08 corrected 2.2741e-08 ratio 0.940 (holdout)
[        16] adam-morrison        V29 1.7524e-08 corrected 1.6544e-08 ratio 0.944 (holdout)
[        17] william-simmons      V29 1.9688e-08 corrected 1.8736e-08 ratio 0.952 (holdout)
[        18] william-bryant       V29 2.2946e-08 corrected 2.0353e-08 ratio 0.887 (holdout)
[        19] angela-hancock       V29 1.8952e-08 corrected 1.7731e-08 ratio 0.936 (holdout)
[        20] lisa-aguirre         V29 2.3655e-08 corrected 2.1475e-08 ratio 0.908 (holdout)
[        21] marissa-perez        V29 2.5427e-08 corrected 2.2250e-08 ratio 0.875 (holdout)
[        22] matthew-cruz         V29 2.2772e-08 corrected 1.9910e-08 ratio 0.874 (holdout)
[        23] dana-parker          V29 2.0809e-08 corrected 1.7454e-08 ratio 0.839 (holdout)
[        24] justin-thomas        V29 2.3588e-08 corrected 2.1093e-08 ratio 0.894 (holdout)
[        25] jose-booker          V29 2.2533e-08 corrected 2.1514e-08 ratio 0.955 (holdout)
[        26] jennifer-best        V29 2.6513e-08 corrected 2.4554e-08 ratio 0.926 (holdout)
[        27] lisa-dean            V29 1.7417e-08 corrected 1.6230e-08 ratio 0.932 (holdout)
[        28] terri-salazar        V29 2.3003e-08 corrected 2.2055e-08 ratio 0.959 (holdout)
[        29] monica-duncan        V29 1.9019e-08 corrected 1.7667e-08 ratio 0.929 (holdout)
[        30] katherine-allen      V29 2.2971e-08 corrected 2.1114e-08 ratio 0.919 (holdout)
[        31] stephanie-fowler     V29 1.7629e-08 corrected 1.6616e-08 ratio 0.943 (holdout)
[        32] nathan-valdez        V29 2.2575e-08 corrected 2.0685e-08 ratio 0.916 (holdout)
[        33] mark-sweeney         V29 2.5814e-08 corrected 2.3948e-08 ratio 0.928 (holdout)
[        34] rachel-warren        V29 2.7680e-08 corrected 2.4163e-08 ratio 0.873 (holdout)
[        35] cory-clarke          V29 1.8601e-08 corrected 1.7354e-08 ratio 0.933 (holdout)
[        36] patricia-cochran     V29 2.1676e-08 corrected 2.0692e-08 ratio 0.955 (holdout)
[        37] paige-miller         V29 2.8314e-08 corrected 2.5488e-08 ratio 0.900 (holdout)
[        38] daniel-smith         V29 2.3742e-08 corrected 2.3896e-08 ratio 1.006 (holdout)
[        39] rebecca-jackson      V29 2.4226e-08 corrected 2.2920e-08 ratio 0.946 (holdout)
[        40] sylvia-stanley       V29 2.6899e-08 corrected 2.5902e-08 ratio 0.963 (holdout)
[        41] john-lee             V29 1.9279e-08 corrected 1.6919e-08 ratio 0.878 (holdout)
[        42] crystal-carrillo     V29 2.1132e-08 corrected 1.9248e-08 ratio 0.911 (holdout)
[        43] renee-garcia         V29 2.3993e-08 corrected 2.2147e-08 ratio 0.923 (holdout)
[        44] anita-collier        V29 2.2915e-08 corrected 2.2198e-08 ratio 0.969 (holdout)
[        45] tina-webb            V29 1.7682e-08 corrected 1.4279e-08 ratio 0.808 (holdout)
[        46] lisa-mitchell        V29 2.3306e-08 corrected 2.2227e-08 ratio 0.954 (holdout)
[        47] douglas-kelly        V29 3.0302e-08 corrected 2.8329e-08 ratio 0.935 (holdout)
[        48] maria-calderon       V29 2.3956e-08 corrected 2.2048e-08 ratio 0.920 (holdout)
[        49] jay-harris           V29 1.7757e-08 corrected 1.6032e-08 ratio 0.903 (holdout)
[        50] robyn-davis          V29 1.6699e-08 corrected 1.5422e-08 ratio 0.924 (holdout)
[        51] daniel-vasquez       V29 2.0567e-08 corrected 2.1083e-08 ratio 1.025 (holdout)
[        52] richard-davis        V29 2.3896e-08 corrected 2.3378e-08 ratio 0.978 (holdout)
[        53] darryl-lewis         V29 1.9150e-08 corrected 1.7327e-08 ratio 0.905 (holdout)
[        54] james-parsons        V29 2.4720e-08 corrected 2.0075e-08 ratio 0.812 (holdout)
[        55] victor-short         V29 2.4246e-08 corrected 2.3887e-08 ratio 0.985 (holdout)
[        56] katherine-singh      V29 1.4376e-08 corrected 1.4314e-08 ratio 0.996 (holdout)
[        57] gregory-wilson       V29 2.1278e-08 corrected 1.8538e-08 ratio 0.871 (holdout)
[        58] daniel-graves        V29 1.7142e-08 corrected 1.4506e-08 ratio 0.846 (holdout)
[        59] amy-fields           V29 2.3962e-08 corrected 2.2248e-08 ratio 0.928 (holdout)
[        60] erica-whitaker       V29 2.2996e-08 corrected 2.0958e-08 ratio 0.911 (holdout)
[        61] mallory-morales      V29 2.1778e-08 corrected 2.1380e-08 ratio 0.982 (holdout)
[        62] walter-moore         V29 2.3802e-08 corrected 2.1762e-08 ratio 0.914 (holdout)
[        63] dillon-taylor        V29 1.7193e-08 corrected 1.5527e-08 ratio 0.903 (holdout)
[        64] diane-jones          V29 2.4424e-08 corrected 2.3558e-08 ratio 0.965 (holdout)
[        65] brandon-king         V29 2.2943e-08 corrected 2.1674e-08 ratio 0.945 (holdout)
[        66] samuel-simon         V29 1.7264e-08 corrected 1.6890e-08 ratio 0.978 (holdout)
[        67] marie-paul           V29 2.7609e-08 corrected 2.5032e-08 ratio 0.907 (holdout)
[        68] barbara-walls        V29 2.2250e-08 corrected 1.9222e-08 ratio 0.864 (holdout)
[        69] deborah-harris       V29 2.1678e-08 corrected 1.9962e-08 ratio 0.921 (holdout)
[        70] daniel-smith-2       V29 1.9173e-08 corrected 1.7660e-08 ratio 0.921 (holdout)
[        71] mary-garrett         V29 1.9827e-08 corrected 1.9147e-08 ratio 0.966 (holdout)
[        72] sandra-powell        V29 1.9883e-08 corrected 1.8216e-08 ratio 0.916 (holdout)
[        73] victor-garrett       V29 2.8412e-08 corrected 2.7973e-08 ratio 0.985 (holdout)
[        74] steven-montgomery    V29 2.1421e-08 corrected 1.8880e-08 ratio 0.881 (holdout)
[        75] jennifer-perez       V29 1.8914e-08 corrected 1.7604e-08 ratio 0.931 (holdout)
[        76] scott-young          V29 2.5195e-08 corrected 2.2473e-08 ratio 0.892 (holdout)
[        77] debra-jones          V29 2.1630e-08 corrected 2.0579e-08 ratio 0.951 (holdout)
[        78] george-chase         V29 2.5715e-08 corrected 2.3720e-08 ratio 0.922 (holdout)
[        79] troy-welch           V29 1.7460e-08 corrected 1.6848e-08 ratio 0.965 (holdout)
[        80] jacob-adams          V29 2.0547e-08 corrected 1.8416e-08 ratio 0.896 (holdout)
[        81] courtney-baker       V29 1.7657e-08 corrected 1.6795e-08 ratio 0.951 (holdout)
[        82] pamela-carr          V29 1.7677e-08 corrected 1.6494e-08 ratio 0.933 (holdout)
[        83] denise-smith         V29 2.4023e-08 corrected 2.1907e-08 ratio 0.912 (holdout)
[        84] michelle-taylor      V29 2.6133e-08 corrected 2.1651e-08 ratio 0.828 (holdout)
[        85] ashley-williams      V29 1.9803e-08 corrected 1.7766e-08 ratio 0.897 (holdout)
[        86] judith-maxwell       V29 2.0294e-08 corrected 1.9285e-08 ratio 0.950 (holdout)
[        87] travis-reed          V29 2.3245e-08 corrected 2.1853e-08 ratio 0.940 (holdout)
[        88] heather-strickland   V29 2.4648e-08 corrected 2.2019e-08 ratio 0.893 (holdout)
[        89] kyle-petersen        V29 2.2193e-08 corrected 2.0009e-08 ratio 0.902 (holdout)
[        90] rachel-kelley        V29 2.9548e-08 corrected 2.7464e-08 ratio 0.929 (holdout)
[        91] robert-patrick       V29 2.1587e-08 corrected 1.9849e-08 ratio 0.919 (holdout)
[        92] james-perez          V29 2.4772e-08 corrected 2.3377e-08 ratio 0.944 (holdout)
[        93] nathan-moore         V29 2.6581e-08 corrected 2.4384e-08 ratio 0.917 (holdout)
[        94] gregory-harrison     V29 1.7553e-08 corrected 1.7249e-08 ratio 0.983 (holdout)
[        95] mark-snyder          V29 2.5385e-08 corrected 2.3553e-08 ratio 0.928 (holdout)
[        96] kathleen-mueller     V29 2.4074e-08 corrected 2.2837e-08 ratio 0.949 (holdout)
[        97] michelle-kramer      V29 1.9420e-08 corrected 1.9631e-08 ratio 1.011 (holdout)
[        98] elizabeth-hughes     V29 2.2301e-08 corrected 2.0042e-08 ratio 0.899 (holdout)
[        99] kelsey-gonzalez      V29 2.4235e-08 corrected 2.1965e-08 ratio 0.906 (holdout)
[featf_0000] devin-stout          V29 1.8658e-08 corrected 1.6912e-08 ratio 0.906 (train)
[featf_0001] keith-jones          V29 1.9812e-08 corrected 1.9027e-08 ratio 0.960 (train)
[featf_0002] edward-martinez      V29 2.2422e-08 corrected 2.0443e-08 ratio 0.912 (train)
[featf_0003] jose-moran           V29 1.9768e-08 corrected 1.8766e-08 ratio 0.949 (train)
[featf_0004] timothy-wagner       V29 1.7426e-08 corrected 1.5056e-08 ratio 0.864 (train)
[featf_0005] sara-gill            V29 2.4860e-08 corrected 2.1818e-08 ratio 0.878 (train)
[featf_0006] james-pearson        V29 2.0743e-08 corrected 1.7364e-08 ratio 0.837 (train)
[featf_0007] samantha-combs       V29 2.2072e-08 corrected 2.1568e-08 ratio 0.977 (train)
[featf_0008] timothy-davis        V29 2.0796e-08 corrected 1.9007e-08 ratio 0.914 (train)
[featf_0009] bryan-quinn          V29 2.1710e-08 corrected 2.0194e-08 ratio 0.930 (train)
[featf_0010] rebecca-frank        V29 1.9585e-08 corrected 1.7783e-08 ratio 0.908 (train)
[featf_0011] amber-mclean         V29 2.2688e-08 corrected 1.9484e-08 ratio 0.859 (train)
[featf_0012] james-reese          V29 2.1952e-08 corrected 1.9980e-08 ratio 0.910 (train)
[featf_0013] susan-wells          V29 2.3932e-08 corrected 2.1194e-08 ratio 0.886 (train)
[featf_0014] theresa-gardner      V29 2.5847e-08 corrected 2.3025e-08 ratio 0.891 (train)
[featf_0015] william-newton       V29 2.1634e-08 corrected 2.0410e-08 ratio 0.943 (train)
[featf_0016] denise-edwards       V29 2.6813e-08 corrected 2.4810e-08 ratio 0.925 (train)
[featf_0017] patricia-rivera      V29 1.6079e-08 corrected 1.4504e-08 ratio 0.902 (train)
[featf_0018] toni-smith           V29 2.2372e-08 corrected 2.0058e-08 ratio 0.897 (train)
[featf_0019] james-dillon         V29 1.9381e-08 corrected 1.8648e-08 ratio 0.962 (train)
[featf_0020] nathan-juarez        V29 2.5216e-08 corrected 2.3296e-08 ratio 0.924 (train)
[featf_0021] james-harrison       V29 2.5649e-08 corrected 2.2493e-08 ratio 0.877 (train)
[featf_0022] christian-moran      V29 2.3470e-08 corrected 2.1144e-08 ratio 0.901 (train)
[featf_0023] daniel-valenzuela    V29 1.8879e-08 corrected 1.7888e-08 ratio 0.948 (train)
[featf_0024] kayla-gonzalez       V29 2.0747e-08 corrected 2.0249e-08 ratio 0.976 (train)
[featf_0025] steven-hernandez     V29 2.1669e-08 corrected 1.9232e-08 ratio 0.888 (train)
[featf_0026] angela-brown         V29 1.8756e-08 corrected 1.7609e-08 ratio 0.939 (train)
[featf_0027] jordan-travis        V29 2.1867e-08 corrected 1.8992e-08 ratio 0.869 (train)
[featf_0028] michael-rodriguez    V29 2.7934e-08 corrected 2.4117e-08 ratio 0.863 (train)
[featf_0029] amanda-garcia        V29 2.1049e-08 corrected 1.8109e-08 ratio 0.860 (train)
[featf_0030] craig-wall           V29 2.6426e-08 corrected 2.3844e-08 ratio 0.902 (train)
[featf_0031] rebecca-rubio        V29 2.5258e-08 corrected 2.3914e-08 ratio 0.947 (train)
[featf_0032] brittany-parker      V29 1.5629e-08 corrected 1.4097e-08 ratio 0.902 (train)
[featf_0033] stephanie-christensen V29 1.8926e-08 corrected 1.7268e-08 ratio 0.912 (train)
[featf_0034] emma-proctor         V29 2.1593e-08 corrected 2.0744e-08 ratio 0.961 (train)
[featf_0035] cheryl-burns         V29 2.2267e-08 corrected 2.0673e-08 ratio 0.928 (train)
[featf_0036] elizabeth-smith      V29 2.4648e-08 corrected 2.3058e-08 ratio 0.936 (train)
[featf_0037] theresa-cook         V29 2.3856e-08 corrected 2.2784e-08 ratio 0.955 (train)
[featf_0038] frances-kirby        V29 2.5132e-08 corrected 2.2945e-08 ratio 0.913 (train)
[featf_0039] brenda-watson        V29 2.1062e-08 corrected 1.8322e-08 ratio 0.870 (train)
[featf_0040] jamie-rodriguez      V29 2.0148e-08 corrected 1.8442e-08 ratio 0.915 (train)
[featf_0041] william-baker        V29 2.2973e-08 corrected 2.0244e-08 ratio 0.881 (train)
[featf_0042] donald-davis         V29 2.2402e-08 corrected 2.1811e-08 ratio 0.974 (train)
[featf_0043] taylor-mccann        V29 1.7144e-08 corrected 1.4892e-08 ratio 0.869 (train)
[featf_0044] patricia-cruz        V29 2.5722e-08 corrected 2.2400e-08 ratio 0.871 (train)
[featf_0045] felicia-richards     V29 2.1298e-08 corrected 1.7847e-08 ratio 0.838 (train)
[featf_0046] debbie-sanchez       V29 2.6854e-08 corrected 2.4614e-08 ratio 0.917 (train)
[featf_0047] ross-meza            V29 2.1818e-08 corrected 1.9779e-08 ratio 0.907 (train)
[featf_0048] larry-davis          V29 2.1474e-08 corrected 2.0992e-08 ratio 0.978 (train)
[featf_0049] lauren-murray        V29 2.1487e-08 corrected 1.9599e-08 ratio 0.912 (train)
[featf_0050] luis-shaw            V29 1.7106e-08 corrected 1.6574e-08 ratio 0.969 (train)
[featf_0051] john-horne           V29 2.5934e-08 corrected 2.4103e-08 ratio 0.929 (train)
[featf_0052] angela-mitchell      V29 2.0041e-08 corrected 1.7902e-08 ratio 0.893 (train)
[featf_0053] molly-foley          V29 2.4094e-08 corrected 2.1677e-08 ratio 0.900 (train)
[featf_0054] christine-stone      V29 2.2392e-08 corrected 1.9565e-08 ratio 0.874 (train)
[featf_0055] ellen-rodriguez      V29 2.3882e-08 corrected 2.0834e-08 ratio 0.872 (train)
[featf_0056] melanie-buchanan     V29 2.2498e-08 corrected 2.2030e-08 ratio 0.979 (train)
[featf_0057] jeremy-jones         V29 1.8359e-08 corrected 1.6605e-08 ratio 0.904 (train)
[featf_0058] tonya-avila          V29 2.0775e-08 corrected 1.8645e-08 ratio 0.898 (train)
[featf_0059] deborah-anderson     V29 2.4557e-08 corrected 2.2091e-08 ratio 0.900 (train)
[featf_0060] chad-velez           V29 2.1148e-08 corrected 2.0046e-08 ratio 0.948 (train)
[featf_0061] mark-smith           V29 2.6248e-08 corrected 2.4784e-08 ratio 0.944 (train)
[featf_0062] gary-phillips        V29 2.0698e-08 corrected 1.7661e-08 ratio 0.853 (train)
[featf_0063] matthew-medina       V29 1.7311e-08 corrected 1.6489e-08 ratio 0.953 (train)
[featf_0064] lisa-ryan            V29 1.8878e-08 corrected 1.7974e-08 ratio 0.952 (train)
[featf_0065] cynthia-silva        V29 2.0116e-08 corrected 1.7884e-08 ratio 0.889 (train)
[featf_0066] julian-briggs        V29 1.7152e-08 corrected 1.5099e-08 ratio 0.880 (train)
[featf_0067] kevin-ward           V29 2.3571e-08 corrected 2.0644e-08 ratio 0.876 (train)
[featf_0068] peter-wolfe          V29 2.2361e-08 corrected 2.0437e-08 ratio 0.914 (train)
[featf_0069] alexis-york          V29 2.1814e-08 corrected 1.9993e-08 ratio 0.917 (train)
[featf_0070] richard-lewis        V29 2.1227e-08 corrected 1.9303e-08 ratio 0.909 (train)
[featf_0071] thomas-hill          V29 2.4673e-08 corrected 2.2702e-08 ratio 0.920 (train)
[featf_0072] morgan-jones         V29 1.9615e-08 corrected 1.8923e-08 ratio 0.965 (train)
[featf_0073] beverly-morgan       V29 2.2223e-08 corrected 2.1369e-08 ratio 0.962 (train)
[featf_0074] deborah-carr         V29 2.1277e-08 corrected 2.0004e-08 ratio 0.940 (train)
[featf_0075] anita-diaz           V29 2.8433e-08 corrected 2.4934e-08 ratio 0.877 (train)
[featf_0076] aaron-fernandez      V29 1.7251e-08 corrected 1.5259e-08 ratio 0.884 (train)
[featf_0077] douglas-lang         V29 2.0173e-08 corrected 1.8739e-08 ratio 0.929 (train)
[featf_0078] brittany-schaefer    V29 2.2103e-08 corrected 1.9333e-08 ratio 0.875 (train)
[featf_0079] christopher-cisneros V29 2.7858e-08 corrected 2.4690e-08 ratio 0.886 (train)
[featf_0080] michael-duncan       V29 2.1269e-08 corrected 1.8786e-08 ratio 0.883 (train)
[featf_0081] william-reyes        V29 2.3918e-08 corrected 2.2217e-08 ratio 0.929 (train)
[featf_0082] grace-watson         V29 2.2310e-08 corrected 1.9924e-08 ratio 0.893 (train)
[featf_0083] jermaine-rodriguez   V29 2.4301e-08 corrected 2.1678e-08 ratio 0.892 (train)
[featf_0084] alexis-patton        V29 1.8772e-08 corrected 1.7986e-08 ratio 0.958 (train)
[featf_0085] randy-garcia         V29 1.9302e-08 corrected 1.8001e-08 ratio 0.933 (train)
[featf_0086] jamie-williams       V29 2.1754e-08 corrected 2.0976e-08 ratio 0.964 (train)
[featf_0087] brian-stanley        V29 2.3904e-08 corrected 2.1396e-08 ratio 0.895 (train)
[featf_0088] brandi-rodriguez     V29 2.1171e-08 corrected 1.9078e-08 ratio 0.901 (train)
[featf_0089] joshua-page          V29 2.0278e-08 corrected 1.8324e-08 ratio 0.904 (train)
[featf_0090] robert-green         V29 2.1469e-08 corrected 2.0878e-08 ratio 0.972 (train)
[featf_0091] thomas-hubbard       V29 1.5953e-08 corrected 1.4322e-08 ratio 0.898 (train)
[featf_0092] erik-flynn           V29 2.5753e-08 corrected 2.2478e-08 ratio 0.873 (train)
[featf_0093] kelly-henderson      V29 2.4805e-08 corrected 2.2584e-08 ratio 0.910 (train)
[featf_0094] andrew-nichols       V29 1.9989e-08 corrected 1.7764e-08 ratio 0.889 (train)
[featf_0095] micheal-lucas        V29 2.8677e-08 corrected 2.5710e-08 ratio 0.897 (train)
[featf_0096] ian-martin           V29 1.9825e-08 corrected 1.6958e-08 ratio 0.855 (train)
[featf_0097] donald-may           V29 1.6398e-08 corrected 1.5345e-08 ratio 0.936 (train)
[featf_0098] susan-smith          V29 2.1931e-08 corrected 1.8789e-08 ratio 0.857 (train)
[featf_0099] benjamin-cardenas    V29 1.8361e-08 corrected 1.5843e-08 ratio 0.863 (train)
[featf_0100] cynthia-mckinney     V29 2.1090e-08 corrected 1.9099e-08 ratio 0.906 (train)
[featf_0101] cody-williams        V29 2.0125e-08 corrected 1.8388e-08 ratio 0.914 (train)
[featf_0102] adam-obrien          V29 2.5456e-08 corrected 2.3677e-08 ratio 0.930 (train)
[featf_0103] tiffany-williams     V29 2.0862e-08 corrected 1.8943e-08 ratio 0.908 (train)
[featf_0104] cameron-ray          V29 1.8065e-08 corrected 1.7196e-08 ratio 0.952 (train)
[featf_0105] caitlin-ward         V29 2.1701e-08 corrected 2.0789e-08 ratio 0.958 (train)
[featf_0106] david-collier        V29 2.0776e-08 corrected 1.9099e-08 ratio 0.919 (train)
[featf_0107] tyler-cox            V29 2.4372e-08 corrected 2.2777e-08 ratio 0.935 (train)
[featf_0108] kathy-young          V29 2.3346e-08 corrected 2.1901e-08 ratio 0.938 (train)
[featf_0109] curtis-bradford      V29 1.9953e-08 corrected 1.8181e-08 ratio 0.911 (train)
[featf_0110] sean-howard          V29 1.8881e-08 corrected 1.8199e-08 ratio 0.964 (train)
[featf_0111] sandy-tate           V29 2.4279e-08 corrected 2.1506e-08 ratio 0.886 (train)
[featf_0112] alec-armstrong       V29 2.4896e-08 corrected 2.2748e-08 ratio 0.914 (train)
[featf_0113] todd-wilson          V29 2.1735e-08 corrected 2.0005e-08 ratio 0.920 (train)
[featf_0114] robert-johnson       V29 2.2541e-08 corrected 2.1566e-08 ratio 0.957 (train)
[featf_0115] ashley-williams      V29 2.2029e-08 corrected 2.0630e-08 ratio 0.936 (train)
[featf_0116] james-lopez          V29 2.2912e-08 corrected 2.0847e-08 ratio 0.910 (train)
[featf_0117] george-scott         V29 2.0702e-08 corrected 1.9862e-08 ratio 0.959 (train)
[featf_0118] caroline-douglas     V29 1.7156e-08 corrected 1.6534e-08 ratio 0.964 (train)
[featf_0119] brenda-gonzalez      V29 2.0325e-08 corrected 1.8765e-08 ratio 0.923 (train)
[featf_0120] larry-hernandez      V29 2.3009e-08 corrected 2.0554e-08 ratio 0.893 (train)
[featf_0121] anthony-carson       V29 2.2903e-08 corrected 2.0938e-08 ratio 0.914 (train)
[featf_0122] stephanie-reyes      V29 2.2572e-08 corrected 2.0211e-08 ratio 0.895 (train)
[featf_0123] angela-lopez         V29 2.1911e-08 corrected 1.9875e-08 ratio 0.907 (train)
[featf_0124] anthony-hernandez    V29 1.9182e-08 corrected 1.6984e-08 ratio 0.885 (train)
[featf_0125] crystal-richardson   V29 2.1889e-08 corrected 2.0506e-08 ratio 0.937 (train)
[featf_0126] anna-johnson         V29 1.9602e-08 corrected 1.8692e-08 ratio 0.954 (train)
[featf_0127] gregory-henry        V29 2.0119e-08 corrected 1.8253e-08 ratio 0.907 (train)
[featf_0128] daniel-gray          V29 2.7836e-08 corrected 2.5337e-08 ratio 0.910 (train)
[featf_0129] darrell-brewer       V29 1.9471e-08 corrected 1.9118e-08 ratio 0.982 (train)
[featf_0130] rodney-webb          V29 2.4979e-08 corrected 2.1568e-08 ratio 0.863 (train)
[featf_0131] susan-russell        V29 2.3723e-08 corrected 2.1374e-08 ratio 0.901 (train)
[featf_0132] annette-white        V29 2.1592e-08 corrected 1.8461e-08 ratio 0.855 (train)
[featf_0133] rachel-silva         V29 2.1006e-08 corrected 2.0436e-08 ratio 0.973 (train)
[featf_0134] melinda-abbott       V29 1.9155e-08 corrected 1.7253e-08 ratio 0.901 (train)
[featf_0135] nathaniel-waters     V29 1.9737e-08 corrected 1.9829e-08 ratio 1.005 (train)
[featf_0136] troy-edwards         V29 2.4422e-08 corrected 2.2657e-08 ratio 0.928 (train)
[featf_0137] ashley-smith         V29 1.5643e-08 corrected 1.3191e-08 ratio 0.843 (train)
[featf_0138] richard-wiley        V29 2.1897e-08 corrected 1.9617e-08 ratio 0.896 (train)
[featf_0139] eileen-williams      V29 2.6036e-08 corrected 2.2339e-08 ratio 0.858 (train)
[featf_0140] daniel-patrick       V29 2.1635e-08 corrected 2.0103e-08 ratio 0.929 (train)
[featf_0141] jeffrey-jones        V29 2.0245e-08 corrected 1.8313e-08 ratio 0.905 (train)
[featf_0142] karina-mclaughlin    V29 2.3382e-08 corrected 2.1267e-08 ratio 0.910 (train)
[featf_0143] kelly-castillo       V29 2.1423e-08 corrected 1.9501e-08 ratio 0.910 (train)
[featf_0144] phyllis-cannon       V29 2.5438e-08 corrected 2.2439e-08 ratio 0.882 (train)
[featf_0145] timothy-martinez     V29 2.3608e-08 corrected 2.1905e-08 ratio 0.928 (train)
[featf_0146] randy-williamson     V29 2.1374e-08 corrected 2.0025e-08 ratio 0.937 (train)
[featf_0147] crystal-newman       V29 1.8678e-08 corrected 1.8218e-08 ratio 0.975 (train)
[featf_0148] kimberly-reed        V29 2.4541e-08 corrected 2.1647e-08 ratio 0.882 (train)
[featf_0149] richard-woodard      V29 1.9027e-08 corrected 1.7955e-08 ratio 0.944 (train)
[featf_0150] julie-ball           V29 2.2071e-08 corrected 1.8815e-08 ratio 0.852 (train)
[featf_0151] christopher-lee      V29 2.0096e-08 corrected 2.0421e-08 ratio 1.016 (train)
[featf_0152] lisa-holden          V29 2.4097e-08 corrected 2.1471e-08 ratio 0.891 (train)
[featf_0153] michael-rosario      V29 2.7432e-08 corrected 2.4170e-08 ratio 0.881 (train)
[featf_0154] charles-richardson   V29 1.9030e-08 corrected 1.9186e-08 ratio 1.008 (train)
[featf_0155] reginald-cross       V29 2.2737e-08 corrected 2.0442e-08 ratio 0.899 (train)
[featf_0156] michael-barker       V29 2.1583e-08 corrected 2.0802e-08 ratio 0.964 (train)
[featf_0157] ricky-campbell       V29 1.9059e-08 corrected 1.6868e-08 ratio 0.885 (train)
[featf_0158] michael-berry        V29 2.3890e-08 corrected 2.1018e-08 ratio 0.880 (train)
[featf_0159] jacob-jones          V29 2.2103e-08 corrected 1.9318e-08 ratio 0.874 (train)
[featf_0160] raven-jacobs         V29 2.2835e-08 corrected 1.9678e-08 ratio 0.862 (train)
[featf_0161] thomas-willis        V29 1.8044e-08 corrected 1.6869e-08 ratio 0.935 (train)
[featf_0162] danielle-neal        V29 2.5235e-08 corrected 2.3174e-08 ratio 0.918 (train)
[featf_0163] chad-martinez        V29 2.3979e-08 corrected 2.2012e-08 ratio 0.918 (train)
[featf_0164] tammy-white          V29 1.8614e-08 corrected 1.7917e-08 ratio 0.963 (train)
[featf_0165] john-gibson          V29 2.4467e-08 corrected 2.4033e-08 ratio 0.982 (train)
[featf_0166] steven-ramos         V29 2.0778e-08 corrected 1.9009e-08 ratio 0.915 (train)
[featf_0167] jennifer-maldonado   V29 2.0440e-08 corrected 1.8839e-08 ratio 0.922 (train)
[featf_0168] joe-garcia           V29 2.1967e-08 corrected 2.0941e-08 ratio 0.953 (train)
[featf_0169] dustin-johnson       V29 2.1792e-08 corrected 2.0495e-08 ratio 0.940 (train)
[featf_0170] jennifer-jones       V29 2.1005e-08 corrected 1.8921e-08 ratio 0.901 (train)
[featf_0171] shawn-hill           V29 2.0750e-08 corrected 1.9637e-08 ratio 0.946 (train)
[featf_0172] brian-russell        V29 2.5126e-08 corrected 2.3571e-08 ratio 0.938 (train)
[featf_0173] linda-bauer          V29 2.0960e-08 corrected 1.9006e-08 ratio 0.907 (train)
[featf_0174] ashley-fowler        V29 2.2165e-08 corrected 2.1574e-08 ratio 0.973 (train)
[featf_0175] anthony-stafford     V29 2.0384e-08 corrected 1.8286e-08 ratio 0.897 (train)
[featf_0176] amy-reid             V29 2.2700e-08 corrected 2.0000e-08 ratio 0.881 (train)
[featf_0177] chase-ryan           V29 2.1456e-08 corrected 1.9684e-08 ratio 0.917 (train)
[featf_0178] samantha-brady       V29 2.1164e-08 corrected 1.9518e-08 ratio 0.922 (train)
[featf_0179] elizabeth-white      V29 2.0403e-08 corrected 1.8815e-08 ratio 0.922 (train)
[featf_0180] patrick-gonzales     V29 1.8553e-08 corrected 1.6800e-08 ratio 0.905 (train)
[featf_0181] caleb-ortiz          V29 2.1103e-08 corrected 1.8471e-08 ratio 0.875 (train)
[featf_0182] bernard-johnson      V29 2.4068e-08 corrected 2.2640e-08 ratio 0.941 (train)
[featf_0183] anthony-rodriguez    V29 2.6977e-08 corrected 2.5456e-08 ratio 0.944 (train)
[featf_0184] melissa-oconnor      V29 1.5605e-08 corrected 1.4424e-08 ratio 0.924 (train)
[featf_0185] brian-thompson       V29 1.8296e-08 corrected 1.7918e-08 ratio 0.979 (train)
[featf_0186] brenda-wright        V29 1.8604e-08 corrected 1.8324e-08 ratio 0.985 (train)
[featf_0187] april-roberts        V29 2.2363e-08 corrected 2.0453e-08 ratio 0.915 (train)
[featf_0188] robert-jackson       V29 1.9834e-08 corrected 1.8429e-08 ratio 0.929 (train)
[featf_0189] michael-phillips     V29 2.1010e-08 corrected 1.8773e-08 ratio 0.894 (train)
[featf_0190] dana-ewing           V29 1.5453e-08 corrected 1.4656e-08 ratio 0.948 (train)
[featf_0191] wendy-shea           V29 2.1749e-08 corrected 2.0181e-08 ratio 0.928 (train)
[featf_0192] victor-jones         V29 2.5965e-08 corrected 2.5621e-08 ratio 0.987 (train)
[featf_0193] dennis-stein         V29 1.8045e-08 corrected 1.5710e-08 ratio 0.871 (train)
[featf_0194] amy-chapman          V29 2.0524e-08 corrected 1.8796e-08 ratio 0.916 (train)
[featf_0195] ryan-patterson       V29 2.5435e-08 corrected 2.2462e-08 ratio 0.883 (train)
[featf_0196] jonathan-torres      V29 2.1544e-08 corrected 2.1429e-08 ratio 0.995 (train)
[featf_0197] jonathan-hale        V29 1.9217e-08 corrected 1.8397e-08 ratio 0.957 (train)
[featf_0198] tracy-brown          V29 1.8159e-08 corrected 1.6354e-08 ratio 0.901 (train)
[featf_0199] kevin-williams       V29 2.5512e-08 corrected 2.1655e-08 ratio 0.849 (train)
[featf_0200] lisa-pierce          V29 1.7260e-08 corrected 1.6582e-08 ratio 0.961 (train)
[featf_0201] casey-austin         V29 2.3741e-08 corrected 2.1871e-08 ratio 0.921 (train)
[featf_0202] daniel-fischer       V29 2.8837e-08 corrected 2.6789e-08 ratio 0.929 (train)
[featf_0203] danielle-hayes       V29 2.3097e-08 corrected 2.1847e-08 ratio 0.946 (train)
[featf_0204] cheryl-morris        V29 1.7720e-08 corrected 1.7458e-08 ratio 0.985 (train)
[featf_0205] regina-simmons       V29 1.7334e-08 corrected 1.6182e-08 ratio 0.934 (train)
[featf_0206] savannah-martin      V29 2.1716e-08 corrected 1.9768e-08 ratio 0.910 (train)
[featf_0207] amber-martinez       V29 2.0972e-08 corrected 1.8363e-08 ratio 0.876 (train)
[featf_0208] sherry-henderson     V29 2.3518e-08 corrected 2.0683e-08 ratio 0.879 (train)
[featf_0209] cynthia-hughes       V29 2.8847e-08 corrected 2.7040e-08 ratio 0.937 (train)
[featf_0210] david-holden         V29 2.1107e-08 corrected 1.9709e-08 ratio 0.934 (train)
[featf_0211] emily-johnson        V29 2.0242e-08 corrected 1.7694e-08 ratio 0.874 (train)
[featf_0212] stephanie-allen      V29 2.5504e-08 corrected 2.3599e-08 ratio 0.925 (train)
[featf_0213] meghan-allen         V29 2.1110e-08 corrected 1.8029e-08 ratio 0.854 (train)
[featf_0214] christine-jacobson   V29 2.4594e-08 corrected 2.1331e-08 ratio 0.867 (train)
[featf_0215] timothy-reynolds     V29 2.2589e-08 corrected 2.0113e-08 ratio 0.890 (train)
[featf_0216] stephen-bush         V29 2.0136e-08 corrected 1.7396e-08 ratio 0.864 (train)
[featf_0217] courtney-taylor      V29 1.7117e-08 corrected 1.5477e-08 ratio 0.904 (train)
[featf_0218] barbara-roy          V29 2.5299e-08 corrected 2.3029e-08 ratio 0.910 (train)
[featf_0219] steven-proctor       V29 1.9813e-08 corrected 1.8275e-08 ratio 0.922 (train)
[featf_0220] lisa-williams        V29 2.1878e-08 corrected 2.0190e-08 ratio 0.923 (train)
[featf_0221] darrell-davis        V29 2.7039e-08 corrected 2.4256e-08 ratio 0.897 (train)
[featf_0222] april-gonzalez       V29 2.4740e-08 corrected 2.2900e-08 ratio 0.926 (train)
[featf_0223] patricia-williams    V29 2.1490e-08 corrected 1.9336e-08 ratio 0.900 (train)
[featf_0224] brian-smith          V29 2.4810e-08 corrected 2.3842e-08 ratio 0.961 (train)
[featf_0225] kirk-chen            V29 1.7525e-08 corrected 1.6678e-08 ratio 0.952 (train)
[featf_0226] julia-le             V29 1.8156e-08 corrected 1.7649e-08 ratio 0.972 (train)
[featf_0227] matthew-kaufman      V29 2.7220e-08 corrected 2.3867e-08 ratio 0.877 (train)
[featf_0228] anita-bradford       V29 2.4126e-08 corrected 2.1555e-08 ratio 0.893 (train)
[featf_0229] jeff-parks           V29 2.0451e-08 corrected 1.9120e-08 ratio 0.935 (train)
[featf_0230] theresa-williams     V29 1.7951e-08 corrected 1.6478e-08 ratio 0.918 (train)
[featf_0231] stacy-franklin       V29 2.9057e-08 corrected 2.6010e-08 ratio 0.895 (train)
[featf_0232] martha-williams      V29 2.7612e-08 corrected 2.4884e-08 ratio 0.901 (train)
[featf_0233] meghan-jones         V29 2.1167e-08 corrected 1.8813e-08 ratio 0.889 (train)
[featf_0234] joseph-harrell       V29 1.7805e-08 corrected 1.6012e-08 ratio 0.899 (train)
[featf_0235] janet-goodman        V29 2.2730e-08 corrected 2.1302e-08 ratio 0.937 (train)
[featf_0236] jordan-kelley        V29 1.8833e-08 corrected 1.7065e-08 ratio 0.906 (train)
[featf_0237] deanna-huber         V29 2.5162e-08 corrected 2.3448e-08 ratio 0.932 (train)
[featf_0238] mariah-walters       V29 1.8885e-08 corrected 1.5824e-08 ratio 0.838 (train)
[featf_0239] tracey-spencer       V29 2.2126e-08 corrected 1.8785e-08 ratio 0.849 (train)
[featf_0240] kylie-fritz          V29 2.4208e-08 corrected 1.9593e-08 ratio 0.809 (train)
[featf_0241] erin-preston         V29 1.9361e-08 corrected 1.8281e-08 ratio 0.944 (train)
[featf_0242] julie-lutz           V29 1.9835e-08 corrected 1.8494e-08 ratio 0.932 (train)
[featf_0243] kenneth-roberson     V29 2.0889e-08 corrected 1.9694e-08 ratio 0.943 (train)
[featf_0244] jennifer-brown       V29 2.6025e-08 corrected 2.2933e-08 ratio 0.881 (train)
[featf_0245] patrick-snyder       V29 2.1889e-08 corrected 2.1050e-08 ratio 0.962 (train)
[featf_0246] christopher-ritter   V29 2.5017e-08 corrected 2.3951e-08 ratio 0.957 (train)
[featf_0247] susan-phillips       V29 2.1249e-08 corrected 2.0580e-08 ratio 0.969 (train)
[featf_0248] michael-stephens     V29 2.0770e-08 corrected 1.9706e-08 ratio 0.949 (train)
[featf_0249] elizabeth-goodman    V29 2.3387e-08 corrected 2.1621e-08 ratio 0.925 (train)
[featf_0250] melissa-nelson       V29 2.1287e-08 corrected 1.8866e-08 ratio 0.886 (train)
[featf_0251] megan-hughes         V29 2.0521e-08 corrected 1.9025e-08 ratio 0.927 (train)
[featf_0252] lee-jacobson         V29 2.1891e-08 corrected 1.9992e-08 ratio 0.913 (train)
[featf_0253] dean-forbes          V29 2.1663e-08 corrected 1.9062e-08 ratio 0.880 (train)
[featf_0254] kendra-quinn         V29 2.3303e-08 corrected 2.1845e-08 ratio 0.937 (train)
[featf_0255] kayla-watts          V29 2.2848e-08 corrected 2.0084e-08 ratio 0.879 (train)
[featf_0256] john-banks           V29 1.9369e-08 corrected 1.7494e-08 ratio 0.903 (train)
[featf_0257] katherine-martin     V29 1.9583e-08 corrected 1.7859e-08 ratio 0.912 (train)
[featf_0258] brian-barnett        V29 2.1303e-08 corrected 1.9925e-08 ratio 0.935 (train)
[featf_0259] robert-garcia        V29 1.6308e-08 corrected 1.4129e-08 ratio 0.866 (train)
[featf_0260] joseph-ramirez       V29 2.1979e-08 corrected 1.9764e-08 ratio 0.899 (train)
[featf_0261] lisa-kelley          V29 2.4338e-08 corrected 2.3078e-08 ratio 0.948 (train)
[featf_0262] erik-montgomery      V29 2.1391e-08 corrected 1.8807e-08 ratio 0.879 (train)
[featf_0263] jason-johnson        V29 2.5632e-08 corrected 2.4004e-08 ratio 0.936 (train)
[featf_0264] michael-camacho      V29 2.2776e-08 corrected 1.9705e-08 ratio 0.865 (train)
[featf_0265] bryan-ramirez        V29 1.9129e-08 corrected 1.9156e-08 ratio 1.001 (train)
[featf_0266] tyler-simmons        V29 2.0321e-08 corrected 1.8901e-08 ratio 0.930 (train)
[featf_0267] adam-turner          V29 2.7562e-08 corrected 2.4579e-08 ratio 0.892 (train)
[featf_0268] deborah-hicks        V29 2.2748e-08 corrected 1.9628e-08 ratio 0.863 (train)
[featf_0269] emily-reed           V29 2.1833e-08 corrected 2.0188e-08 ratio 0.925 (train)
[featf_0270] jean-wright          V29 1.9035e-08 corrected 1.7138e-08 ratio 0.900 (train)
[featf_0271] clifford-tate        V29 2.0774e-08 corrected 1.8063e-08 ratio 0.870 (train)
[featf_0272] deborah-massey       V29 2.7080e-08 corrected 2.4502e-08 ratio 0.905 (train)
[featf_0273] john-hughes          V29 2.1819e-08 corrected 1.9906e-08 ratio 0.912 (train)
[featf_0274] kenneth-dawson       V29 2.1323e-08 corrected 1.8729e-08 ratio 0.878 (train)
[featf_0275] heather-bernard      V29 2.1539e-08 corrected 2.0243e-08 ratio 0.940 (train)
[featf_0276] jenna-wells          V29 3.0417e-08 corrected 2.7630e-08 ratio 0.908 (train)
[featf_0277] mariah-martinez      V29 1.9644e-08 corrected 1.7158e-08 ratio 0.873 (train)
[featf_0278] cheyenne-williams    V29 2.6208e-08 corrected 2.4839e-08 ratio 0.948 (train)
[featf_0279] patricia-brooks      V29 2.0940e-08 corrected 1.9529e-08 ratio 0.933 (train)
[featf_0280] jennifer-edwards     V29 1.8059e-08 corrected 1.7153e-08 ratio 0.950 (train)
[featf_0281] daniel-sanchez       V29 2.5372e-08 corrected 2.4461e-08 ratio 0.964 (train)
[featf_0282] heather-richard      V29 1.8755e-08 corrected 1.7343e-08 ratio 0.925 (train)
[featf_0283] alexis-george        V29 1.8220e-08 corrected 1.6502e-08 ratio 0.906 (train)
[featf_0284] stacey-patterson     V29 2.0783e-08 corrected 1.8101e-08 ratio 0.871 (train)
[featf_0285] tony-chase           V29 1.7630e-08 corrected 1.6988e-08 ratio 0.964 (train)
[featf_0286] jennifer-briggs      V29 1.9131e-08 corrected 1.8164e-08 ratio 0.949 (train)
[featf_0287] james-ramirez        V29 1.8787e-08 corrected 1.7912e-08 ratio 0.953 (train)
[featf_0288] steven-liu           V29 2.6988e-08 corrected 2.2949e-08 ratio 0.850 (train)
[featf_0289] daniel-sullivan      V29 1.9715e-08 corrected 1.7709e-08 ratio 0.898 (train)
[featf_0290] laura-white          V29 2.0325e-08 corrected 1.8246e-08 ratio 0.898 (train)
[featf_0291] joshua-garcia        V29 1.9379e-08 corrected 1.7243e-08 ratio 0.890 (train)
[featf_0292] joanna-robinson      V29 1.3624e-08 corrected 1.2104e-08 ratio 0.888 (train)
[featf_0293] brittany-phillips    V29 2.3990e-08 corrected 2.0955e-08 ratio 0.874 (train)
[featf_0294] patricia-carr        V29 2.3724e-08 corrected 2.0953e-08 ratio 0.883 (train)
[featf_0295] stephen-williams     V29 1.8714e-08 corrected 1.7161e-08 ratio 0.917 (train)
[featf_0296] willie-ramirez       V29 1.7147e-08 corrected 1.6558e-08 ratio 0.966 (train)
[featf_0297] wanda-garcia         V29 2.0297e-08 corrected 1.9547e-08 ratio 0.963 (train)
[featf_0298] madison-stewart      V29 2.6949e-08 corrected 2.4520e-08 ratio 0.910 (train)
[featf_0299] jason-baker          V29 1.8476e-08 corrected 1.7496e-08 ratio 0.947 (train)
[featf_0300] sue-mason            V29 2.3425e-08 corrected 2.1682e-08 ratio 0.926 (train)
[featf_0301] luis-sherman         V29 1.8835e-08 corrected 1.7396e-08 ratio 0.924 (train)
[featf_0302] erika-crosby         V29 1.9338e-08 corrected 1.8510e-08 ratio 0.957 (train)
[featf_0303] briana-bishop        V29 2.1670e-08 corrected 2.0082e-08 ratio 0.927 (train)
[featf_0304] stephen-little       V29 2.2560e-08 corrected 2.0909e-08 ratio 0.927 (train)
[featf_0305] dustin-torres        V29 2.0264e-08 corrected 1.7820e-08 ratio 0.879 (train)
[featf_0306] brittany-benjamin    V29 2.7653e-08 corrected 2.3999e-08 ratio 0.868 (train)
[featf_0307] david-flores         V29 1.9890e-08 corrected 1.9587e-08 ratio 0.985 (train)
[featf_0308] andrew-edwards       V29 2.3456e-08 corrected 2.2234e-08 ratio 0.948 (train)
[featf_0550] carolyn-wilson       V29 2.6438e-08 corrected 2.5590e-08 ratio 0.968 (train)
[featf_0551] sandra-davenport     V29 2.4032e-08 corrected 2.1821e-08 ratio 0.908 (train)
[featf_0552] wendy-thompson       V29 2.2207e-08 corrected 2.0031e-08 ratio 0.902 (train)
[featf_0553] edward-atkinson      V29 2.3085e-08 corrected 2.1355e-08 ratio 0.925 (train)
[featf_0554] patrick-smith        V29 2.0655e-08 corrected 1.8768e-08 ratio 0.909 (train)
[featf_0555] debbie-french        V29 2.5644e-08 corrected 2.2575e-08 ratio 0.880 (train)
[featf_0556] donald-vega          V29 2.4047e-08 corrected 2.1122e-08 ratio 0.878 (train)
[featf_0557] robert-wright        V29 2.1560e-08 corrected 1.9516e-08 ratio 0.905 (train)
[featf_0558] sean-martin          V29 2.1953e-08 corrected 2.0722e-08 ratio 0.944 (train)
[featf_0559] gina-martin          V29 1.9399e-08 corrected 1.8391e-08 ratio 0.948 (train)
[featf_0560] alicia-martinez      V29 2.2186e-08 corrected 1.9959e-08 ratio 0.900 (train)
[featf_0561] james-miles          V29 1.8442e-08 corrected 1.7135e-08 ratio 0.929 (train)
[featf_0562] cheryl-ray           V29 2.2955e-08 corrected 2.0242e-08 ratio 0.882 (train)
[featf_0563] william-harris       V29 1.6004e-08 corrected 1.5052e-08 ratio 0.941 (train)
[featf_0564] samantha-yang        V29 2.1631e-08 corrected 1.9632e-08 ratio 0.908 (train)
[featf_0565] sarah-martinez       V29 2.3542e-08 corrected 2.0273e-08 ratio 0.861 (train)
[featf_0566] kevin-jackson        V29 2.4355e-08 corrected 2.0565e-08 ratio 0.844 (train)
[featf_0567] gabrielle-ryan       V29 2.3768e-08 corrected 2.2515e-08 ratio 0.947 (train)
[featf_0568] travis-pope          V29 2.0262e-08 corrected 1.8443e-08 ratio 0.910 (train)
[featf_0569] robert-graham        V29 2.6853e-08 corrected 2.4259e-08 ratio 0.903 (train)
[featf_0570] michael-knight       V29 2.1253e-08 corrected 2.0376e-08 ratio 0.959 (train)
[featf_0571] richard-cole         V29 2.6111e-08 corrected 2.3879e-08 ratio 0.915 (train)
[featf_0572] gerald-williams      V29 1.9049e-08 corrected 1.7302e-08 ratio 0.908 (train)
[featf_0573] james-harper         V29 2.0644e-08 corrected 1.9431e-08 ratio 0.941 (train)
[featf_0574] luis-sims            V29 1.9370e-08 corrected 1.9486e-08 ratio 1.006 (train)
[featf_0575] isabella-montgomery  V29 2.0735e-08 corrected 1.8847e-08 ratio 0.909 (train)
[featf_0576] kimberly-rodriguez   V29 2.3470e-08 corrected 2.0958e-08 ratio 0.893 (train)
[featf_0577] susan-baldwin        V29 2.6175e-08 corrected 2.3704e-08 ratio 0.906 (train)
[featf_0578] samantha-miller      V29 2.3239e-08 corrected 2.1512e-08 ratio 0.926 (train)
[featf_0579] colleen-vargas       V29 2.3743e-08 corrected 2.0228e-08 ratio 0.852 (train)
[featf_0580] elizabeth-phillips   V29 3.0590e-08 corrected 2.7568e-08 ratio 0.901 (train)
[featf_0581] matthew-beard        V29 2.6472e-08 corrected 2.5556e-08 ratio 0.965 (train)
[featf_0582] curtis-aguilar       V29 2.4019e-08 corrected 2.3084e-08 ratio 0.961 (train)
[featf_0583] lori-maddox          V29 2.7452e-08 corrected 2.4897e-08 ratio 0.907 (train)
[featf_0584] devon-hinton         V29 2.0826e-08 corrected 1.8817e-08 ratio 0.904 (train)
[featf_0585] amanda-cobb          V29 1.8405e-08 corrected 1.6766e-08 ratio 0.911 (train)
[featf_0586] shannon-singh        V29 2.3113e-08 corrected 2.0050e-08 ratio 0.867 (train)
[featf_0587] heidi-foster         V29 1.9987e-08 corrected 1.8377e-08 ratio 0.919 (train)
[featf_0588] renee-palmer         V29 1.9999e-08 corrected 1.8325e-08 ratio 0.916 (train)
[featf_0589] kristen-garcia       V29 2.1725e-08 corrected 2.0883e-08 ratio 0.961 (train)
[featf_0590] kayla-johnson        V29 2.0192e-08 corrected 1.7717e-08 ratio 0.877 (train)
[featf_0591] kelly-herrera        V29 2.2568e-08 corrected 2.0303e-08 ratio 0.900 (train)
[featf_0592] christopher-woods    V29 1.8409e-08 corrected 1.8031e-08 ratio 0.979 (train)
[featf_0593] katelyn-beck         V29 2.5466e-08 corrected 2.3433e-08 ratio 0.920 (train)
[featf_0594] jason-smith          V29 2.4072e-08 corrected 2.0532e-08 ratio 0.853 (train)
[featf_0595] david-flores-2       V29 2.6720e-08 corrected 2.3621e-08 ratio 0.884 (train)
[featf_0596] michael-sheppard     V29 2.0025e-08 corrected 1.6867e-08 ratio 0.842 (train)
[featf_0597] sarah-murphy         V29 2.9339e-08 corrected 2.6281e-08 ratio 0.896 (train)
[featf_0598] stacy-cole           V29 1.6758e-08 corrected 1.6231e-08 ratio 0.969 (train)
[featf_0599] jesus-english        V29 2.7711e-08 corrected 2.5482e-08 ratio 0.920 (train)
[featf_0600] john-edwards         V29 2.1675e-08 corrected 2.1275e-08 ratio 0.982 (train)
[featf_0601] lisa-simmons         V29 2.1102e-08 corrected 1.9677e-08 ratio 0.932 (train)
[featf_0602] jessica-patterson    V29 1.9124e-08 corrected 1.6954e-08 ratio 0.887 (train)
[featf_0603] jamie-benson         V29 2.3247e-08 corrected 2.0879e-08 ratio 0.898 (train)
[featf_0604] steven-stein         V29 1.9993e-08 corrected 1.8338e-08 ratio 0.917 (train)
[featf_0605] john-bird            V29 2.1863e-08 corrected 2.0700e-08 ratio 0.947 (train)
[featf_0606] catherine-huff       V29 2.2555e-08 corrected 2.0951e-08 ratio 0.929 (train)
[featf_0607] javier-harvey        V29 2.2922e-08 corrected 1.9900e-08 ratio 0.868 (train)
[featf_0608] anna-walker          V29 2.1537e-08 corrected 1.9679e-08 ratio 0.914 (train)
[featf_0609] rhonda-palmer        V29 2.1030e-08 corrected 1.9069e-08 ratio 0.907 (train)
[featf_0610] ann-thompson         V29 1.8590e-08 corrected 1.8652e-08 ratio 1.003 (train)
[featf_0611] alan-kelley          V29 2.2147e-08 corrected 2.0588e-08 ratio 0.930 (train)
[featf_0612] matthew-walters      V29 1.5943e-08 corrected 1.4758e-08 ratio 0.926 (train)
[featf_0613] benjamin-kelly       V29 2.3407e-08 corrected 2.1650e-08 ratio 0.925 (train)
[featf_0614] cheryl-dunlap        V29 1.9429e-08 corrected 1.8643e-08 ratio 0.960 (train)
[featf_0615] nicole-hutchinson    V29 2.3147e-08 corrected 2.2064e-08 ratio 0.953 (train)
[featf_0616] sarah-wells          V29 2.3454e-08 corrected 2.1714e-08 ratio 0.926 (train)
[featf_0617] eduardo-williams     V29 2.3983e-08 corrected 1.9901e-08 ratio 0.830 (train)
[featf_0618] zachary-green        V29 2.1511e-08 corrected 2.0093e-08 ratio 0.934 (train)
[featf_0619] elizabeth-nicholson  V29 2.0340e-08 corrected 1.8733e-08 ratio 0.921 (train)
[featf_0620] katherine-smith      V29 1.8625e-08 corrected 1.7291e-08 ratio 0.928 (train)
[featf_0621] victoria-parker      V29 2.2510e-08 corrected 1.9223e-08 ratio 0.854 (train)
[featf_0622] clifford-liu         V29 1.9792e-08 corrected 2.0299e-08 ratio 1.026 (train)
[featf_0623] danielle-smith       V29 2.8331e-08 corrected 2.6174e-08 ratio 0.924 (train)
[featf_0624] alexis-wu            V29 2.3680e-08 corrected 2.1750e-08 ratio 0.919 (train)
[featf_0625] jose-turner          V29 2.1768e-08 corrected 2.1658e-08 ratio 0.995 (train)
[featf_0626] lauren-hughes        V29 1.9060e-08 corrected 1.6085e-08 ratio 0.844 (train)
[featf_0627] cheryl-lucas         V29 2.3717e-08 corrected 2.1694e-08 ratio 0.915 (train)
[featf_0628] meredith-welch       V29 2.0492e-08 corrected 1.8188e-08 ratio 0.888 (train)
[featf_0629] roger-padilla        V29 2.2313e-08 corrected 2.0036e-08 ratio 0.898 (train)
[featf_0630] paula-bradley        V29 2.2911e-08 corrected 2.1402e-08 ratio 0.934 (train)
[featf_0631] william-rodriguez    V29 2.3495e-08 corrected 2.1208e-08 ratio 0.903 (train)
[featf_0632] melissa-english      V29 2.4317e-08 corrected 2.1502e-08 ratio 0.884 (train)
[featf_0633] justin-williams      V29 1.7265e-08 corrected 1.5993e-08 ratio 0.926 (train)
[featf_0634] donna-mccullough     V29 2.5824e-08 corrected 2.2973e-08 ratio 0.890 (train)
[featf_0635] christine-evans      V29 2.0816e-08 corrected 1.9800e-08 ratio 0.951 (train)
[featf_0636] david-long           V29 2.3241e-08 corrected 2.2119e-08 ratio 0.952 (train)
[featf_0637] nichole-thompson     V29 1.9747e-08 corrected 1.6805e-08 ratio 0.851 (train)
[featf_0638] crystal-berry        V29 2.2620e-08 corrected 2.1093e-08 ratio 0.933 (train)
[featf_0639] robert-berry         V29 2.1096e-08 corrected 2.0241e-08 ratio 0.959 (train)
[featf_0640] claire-fernandez     V29 1.8544e-08 corrected 1.7486e-08 ratio 0.943 (train)
[featf_0641] aaron-stewart        V29 1.7406e-08 corrected 1.5819e-08 ratio 0.909 (train)
[featf_0642] dale-moran           V29 2.3445e-08 corrected 2.0125e-08 ratio 0.858 (train)
[featf_0643] anthony-taylor       V29 1.9242e-08 corrected 1.7377e-08 ratio 0.903 (train)
[featf_0644] shannon-moore        V29 2.1884e-08 corrected 2.1353e-08 ratio 0.976 (train)
[featf_0645] michael-foster       V29 2.6338e-08 corrected 2.4872e-08 ratio 0.944 (train)
[featf_0646] shawn-gomez          V29 2.3446e-08 corrected 1.9892e-08 ratio 0.848 (train)
[featf_0647] brittany-french      V29 2.1774e-08 corrected 2.0290e-08 ratio 0.932 (train)
[featf_0648] chad-moore           V29 2.4819e-08 corrected 2.3246e-08 ratio 0.937 (train)
[featf_0649] rebecca-anderson     V29 2.7780e-08 corrected 2.3816e-08 ratio 0.857 (train)
[featf_0650] kenneth-berg         V29 2.5028e-08 corrected 2.2998e-08 ratio 0.919 (train)
[featf_0651] grant-garcia         V29 1.9462e-08 corrected 1.8242e-08 ratio 0.937 (train)
[featf_0652] juan-warner          V29 2.1631e-08 corrected 1.9436e-08 ratio 0.899 (train)
[featf_0653] brian-perez          V29 2.4354e-08 corrected 2.3693e-08 ratio 0.973 (train)
[featf_0654] gary-black           V29 2.8417e-08 corrected 2.5617e-08 ratio 0.901 (train)
[featf_0655] joshua-ward          V29 1.9798e-08 corrected 1.9343e-08 ratio 0.977 (train)
[featf_0656] jason-cochran        V29 2.3553e-08 corrected 2.2095e-08 ratio 0.938 (train)
[featf_0657] bradley-anderson     V29 2.0728e-08 corrected 1.9464e-08 ratio 0.939 (train)
[featf_0658] jon-zavala           V29 2.0002e-08 corrected 1.8594e-08 ratio 0.930 (train)
[featf_0659] daniel-hall          V29 2.2438e-08 corrected 2.0387e-08 ratio 0.909 (train)
[featf_0660] matthew-dodson       V29 2.3155e-08 corrected 2.1114e-08 ratio 0.912 (train)
[featf_0661] heidi-bell           V29 1.9192e-08 corrected 1.7576e-08 ratio 0.916 (train)
[featf_0662] pedro-brown          V29 2.0237e-08 corrected 1.8069e-08 ratio 0.893 (train)
[featf_0663] kristine-washington  V29 2.2263e-08 corrected 2.0511e-08 ratio 0.921 (train)
[featf_0664] amber-perry          V29 2.4928e-08 corrected 2.2356e-08 ratio 0.897 (train)
[featf_0665] mark-gonzalez        V29 1.8096e-08 corrected 1.6224e-08 ratio 0.897 (train)
[featf_0666] samantha-harrison    V29 2.4004e-08 corrected 2.1901e-08 ratio 0.912 (train)
[featf_0667] ian-bailey           V29 1.9885e-08 corrected 1.9277e-08 ratio 0.969 (train)
[featf_0668] sandra-davis         V29 1.6654e-08 corrected 1.6659e-08 ratio 1.000 (train)
[featf_0669] james-reed           V29 1.7326e-08 corrected 1.6715e-08 ratio 0.965 (train)
[featf_0670] julie-gonzalez       V29 1.9211e-08 corrected 1.7346e-08 ratio 0.903 (train)
[featf_0671] michael-poole        V29 2.0602e-08 corrected 1.9643e-08 ratio 0.953 (train)
[featf_0672] ashley-nichols       V29 1.7253e-08 corrected 1.7382e-08 ratio 1.007 (train)
[featf_0673] nicole-morrison      V29 2.4439e-08 corrected 2.1841e-08 ratio 0.894 (train)
[featf_0674] michael-peters       V29 2.3231e-08 corrected 2.1143e-08 ratio 0.910 (train)
[featf_0675] kimberly-johnson     V29 1.9247e-08 corrected 1.7588e-08 ratio 0.914 (train)
[featf_0676] penny-mitchell       V29 2.3388e-08 corrected 2.1595e-08 ratio 0.923 (train)
[featf_0677] jill-barton          V29 2.0442e-08 corrected 1.8720e-08 ratio 0.916 (train)
[featf_0678] austin-vincent       V29 2.5389e-08 corrected 2.2071e-08 ratio 0.869 (train)
[featf_0679] kelsey-huerta        V29 2.1671e-08 corrected 1.8717e-08 ratio 0.864 (train)
[featf_0680] jacob-roth           V29 1.9100e-08 corrected 1.6708e-08 ratio 0.875 (train)
[featf_0681] steven-ware          V29 1.7840e-08 corrected 1.5971e-08 ratio 0.895 (train)
[featf_0682] gregory-duke         V29 2.2643e-08 corrected 2.1740e-08 ratio 0.960 (train)
[featf_0683] leslie-vargas        V29 2.1353e-08 corrected 1.9749e-08 ratio 0.925 (train)
[featf_0684] angel-jones          V29 2.3887e-08 corrected 2.0420e-08 ratio 0.855 (train)
[featf_0685] luke-oliver          V29 2.0729e-08 corrected 2.0806e-08 ratio 1.004 (train)
[featf_0686] jodi-chen            V29 2.0068e-08 corrected 1.9058e-08 ratio 0.950 (train)
[featf_0687] dana-valdez          V29 2.1232e-08 corrected 1.9231e-08 ratio 0.906 (train)
[featf_0688] kristine-smith       V29 2.3096e-08 corrected 2.1798e-08 ratio 0.944 (train)
[featf_0689] matthew-klein        V29 2.2102e-08 corrected 2.1044e-08 ratio 0.952 (train)
[featf_0690] laura-garza          V29 2.3540e-08 corrected 2.1895e-08 ratio 0.930 (train)
[featf_0691] caleb-lopez          V29 2.2598e-08 corrected 1.9175e-08 ratio 0.849 (train)
[featf_0692] gabriel-gomez        V29 2.7732e-08 corrected 2.6792e-08 ratio 0.966 (train)
[featf_0693] nicole-johnson       V29 2.1230e-08 corrected 1.9384e-08 ratio 0.913 (train)
[featf_0694] andrew-todd          V29 1.9319e-08 corrected 1.7536e-08 ratio 0.908 (train)
[featf_0695] john-reed            V29 1.9198e-08 corrected 1.8239e-08 ratio 0.950 (train)
[featf_0696] patricia-woodward    V29 1.9973e-08 corrected 1.8699e-08 ratio 0.936 (train)
[featf_0697] matthew-boyd         V29 1.8910e-08 corrected 1.7374e-08 ratio 0.919 (train)
[featf_0698] shannon-maxwell      V29 2.3344e-08 corrected 2.0816e-08 ratio 0.892 (train)
[featf_0699] vickie-nicholson     V29 1.8998e-08 corrected 1.7258e-08 ratio 0.908 (train)
[featf_0700] summer-webster       V29 2.4808e-08 corrected 2.3496e-08 ratio 0.947 (train)
[featf_0701] colleen-macdonald    V29 1.7057e-08 corrected 1.5870e-08 ratio 0.930 (train)
[featf_0702] christine-schmidt    V29 2.0950e-08 corrected 1.9049e-08 ratio 0.909 (train)
[featf_0703] shelby-palmer        V29 1.9476e-08 corrected 1.8144e-08 ratio 0.932 (train)
[featf_0704] angela-perry         V29 1.7576e-08 corrected 1.8207e-08 ratio 1.036 (train)
[featf_0705] crystal-martinez     V29 2.0578e-08 corrected 1.9689e-08 ratio 0.957 (train)
[featf_0706] howard-hess          V29 2.3907e-08 corrected 2.2091e-08 ratio 0.924 (train)
[featf_0707] tiffany-avery        V29 2.0443e-08 corrected 1.8590e-08 ratio 0.909 (train)
[featf_0708] ashley-hall          V29 1.5938e-08 corrected 1.4543e-08 ratio 0.912 (train)
[featf_0709] glenn-leach          V29 1.7481e-08 corrected 1.7734e-08 ratio 1.014 (train)
[featf_0710] ryan-hernandez       V29 1.9855e-08 corrected 1.8873e-08 ratio 0.951 (train)
[featf_0711] denise-olsen         V29 2.2189e-08 corrected 1.9234e-08 ratio 0.867 (train)
[featf_0712] arthur-mosley        V29 2.1809e-08 corrected 1.9675e-08 ratio 0.902 (train)
[featf_0713] valerie-gates        V29 1.9040e-08 corrected 1.6627e-08 ratio 0.873 (train)
[featf_0714] derek-ortega         V29 2.1595e-08 corrected 1.9608e-08 ratio 0.908 (train)
[featf_0715] christopher-haas     V29 2.3489e-08 corrected 2.0393e-08 ratio 0.868 (train)
[featf_0716] morgan-anderson      V29 2.0692e-08 corrected 1.7774e-08 ratio 0.859 (train)
[featf_0717] claire-turner        V29 2.3090e-08 corrected 2.2139e-08 ratio 0.959 (train)
[featf_0718] adriana-mckinney     V29 2.0340e-08 corrected 1.9578e-08 ratio 0.963 (train)
[featf_0719] taylor-herrera       V29 2.0670e-08 corrected 1.9164e-08 ratio 0.927 (train)
[featf_0720] christopher-jordan   V29 2.0596e-08 corrected 1.8419e-08 ratio 0.894 (train)
[featf_0721] lisa-singleton       V29 2.3632e-08 corrected 2.1394e-08 ratio 0.905 (train)
[featf_0722] jennifer-francis     V29 2.5547e-08 corrected 2.3289e-08 ratio 0.912 (train)
[featf_0723] mathew-johnson       V29 1.8841e-08 corrected 1.7273e-08 ratio 0.917 (train)
[featf_0724] jonathan-hughes      V29 1.9697e-08 corrected 1.8142e-08 ratio 0.921 (train)
[featf_0725] ralph-frank          V29 1.7081e-08 corrected 1.6073e-08 ratio 0.941 (train)
[featf_0726] ryan-cox             V29 1.7687e-08 corrected 1.5803e-08 ratio 0.893 (train)
[featf_0727] kyle-murphy          V29 2.0363e-08 corrected 1.8521e-08 ratio 0.910 (train)
[featf_0728] shannon-flores       V29 1.9305e-08 corrected 1.7277e-08 ratio 0.895 (train)
[featf_0729] megan-cruz           V29 3.1649e-08 corrected 2.7953e-08 ratio 0.883 (train)
[featf_0730] david-vance          V29 2.0927e-08 corrected 1.9669e-08 ratio 0.940 (train)
[featf_0731] victoria-roberts     V29 2.5056e-08 corrected 2.2776e-08 ratio 0.909 (train)
[featf_0732] jesus-brown          V29 1.9834e-08 corrected 1.9136e-08 ratio 0.965 (train)
[featf_0733] alicia-harris        V29 2.4256e-08 corrected 2.1072e-08 ratio 0.869 (train)
[featf_0734] donald-davis-2       V29 2.4316e-08 corrected 2.3172e-08 ratio 0.953 (train)
[featf_0735] thomas-wang          V29 2.1472e-08 corrected 2.0457e-08 ratio 0.953 (train)
[featf_0736] meghan-simpson       V29 2.0899e-08 corrected 1.9594e-08 ratio 0.938 (train)
[featf_0737] david-gardner        V29 1.9254e-08 corrected 1.8560e-08 ratio 0.964 (train)
[featf_0738] justin-taylor        V29 2.6058e-08 corrected 2.4364e-08 ratio 0.935 (train)
[featf_0739] kyle-herrera         V29 2.3917e-08 corrected 2.1457e-08 ratio 0.897 (train)
[featf_0740] corey-hill           V29 1.9719e-08 corrected 1.7667e-08 ratio 0.896 (train)
[featf_0741] andrew-dawson        V29 2.0587e-08 corrected 1.8642e-08 ratio 0.906 (train)
[featf_0742] holly-wright         V29 3.2171e-08 corrected 2.9092e-08 ratio 0.904 (train)
[featf_0743] joshua-craig         V29 2.4788e-08 corrected 2.1219e-08 ratio 0.856 (train)
[featf_0744] brendan-scott        V29 2.1710e-08 corrected 2.0412e-08 ratio 0.940 (train)
[featf_0745] christina-smith      V29 2.6730e-08 corrected 2.3389e-08 ratio 0.875 (train)
[featf_0746] christopher-hernandez V29 2.3809e-08 corrected 2.2304e-08 ratio 0.937 (train)
[featf_0747] tiffany-holden       V29 2.3776e-08 corrected 1.9851e-08 ratio 0.835 (train)
[featf_0748] jesus-moore          V29 2.1257e-08 corrected 1.9464e-08 ratio 0.916 (train)
[featf_0749] robert-jimenez       V29 1.9936e-08 corrected 1.8813e-08 ratio 0.944 (train)
[featf_0750] evan-rose            V29 2.2516e-08 corrected 2.0265e-08 ratio 0.900 (train)
[featf_0751] barbara-howard       V29 1.9217e-08 corrected 1.8592e-08 ratio 0.967 (train)
[featf_0752] danny-saunders       V29 2.1449e-08 corrected 1.9710e-08 ratio 0.919 (train)
[featf_0753] michelle-burns       V29 2.2777e-08 corrected 2.1132e-08 ratio 0.928 (train)
[featf_0754] anthony-daniels      V29 2.1177e-08 corrected 1.8824e-08 ratio 0.889 (train)
[featf_0755] carla-howe           V29 2.6533e-08 corrected 2.3134e-08 ratio 0.872 (train)
[featf_0756] richard-palmer       V29 1.9559e-08 corrected 1.7684e-08 ratio 0.904 (train)
[featf_0757] chad-smith           V29 2.5265e-08 corrected 2.4664e-08 ratio 0.976 (train)
[featf_0758] jennifer-moore       V29 2.0318e-08 corrected 1.8696e-08 ratio 0.920 (train)
[featf_0759] mary-wood            V29 1.8296e-08 corrected 1.6981e-08 ratio 0.928 (train)
[featf_0760] robyn-hill           V29 2.2608e-08 corrected 2.1904e-08 ratio 0.969 (train)
[featf_0761] christopher-davidson V29 2.3308e-08 corrected 2.0742e-08 ratio 0.890 (train)
[featf_0762] xavier-pennington    V29 2.5423e-08 corrected 2.2692e-08 ratio 0.893 (train)
[featf_0763] matthew-newton       V29 1.7210e-08 corrected 1.4886e-08 ratio 0.865 (train)
[featf_0764] michael-reilly       V29 1.8363e-08 corrected 1.7328e-08 ratio 0.944 (train)
[featf_0765] jade-gonzales        V29 2.8950e-08 corrected 2.5987e-08 ratio 0.898 (train)
[featf_0766] crystal-werner       V29 2.3644e-08 corrected 2.1468e-08 ratio 0.908 (train)
[featf_0767] carolyn-howe         V29 2.0716e-08 corrected 1.8784e-08 ratio 0.907 (train)
[featf_0768] sandra-wise          V29 1.7294e-08 corrected 1.6514e-08 ratio 0.955 (train)
[featf_0769] natalie-mckay        V29 2.1886e-08 corrected 2.0189e-08 ratio 0.922 (train)
[featf_0770] ann-bautista         V29 2.5029e-08 corrected 2.2593e-08 ratio 0.903 (train)
[featf_0771] eric-martinez        V29 1.9571e-08 corrected 1.7919e-08 ratio 0.916 (train)
[featf_0772] hannah-trevino       V29 2.1447e-08 corrected 1.8964e-08 ratio 0.884 (train)
[featf_0773] kirk-perkins         V29 2.2694e-08 corrected 2.0159e-08 ratio 0.888 (train)
[featf_0774] ronald-nguyen        V29 2.5876e-08 corrected 2.3354e-08 ratio 0.903 (train)
[featf_0775] chad-castro          V29 2.1424e-08 corrected 2.1331e-08 ratio 0.996 (train)
[featf_0776] sandra-andrade       V29 2.2461e-08 corrected 2.0319e-08 ratio 0.905 (train)
[featf_0777] kristopher-gomez     V29 2.0652e-08 corrected 1.8890e-08 ratio 0.915 (train)
[featf_0778] mitchell-gonzalez    V29 2.2135e-08 corrected 2.0764e-08 ratio 0.938 (train)
[featf_0779] william-long         V29 1.9655e-08 corrected 1.8892e-08 ratio 0.961 (train)
[featf_0780] lisa-diaz            V29 1.8684e-08 corrected 1.6215e-08 ratio 0.868 (train)
[featf_0781] tracey-carter        V29 2.6760e-08 corrected 2.4116e-08 ratio 0.901 (train)
[featf_0782] brenda-salazar       V29 1.9782e-08 corrected 1.8254e-08 ratio 0.923 (train)
[featf_0783] david-miranda        V29 2.5949e-08 corrected 2.3741e-08 ratio 0.915 (train)
[featf_0784] erin-baldwin         V29 2.1164e-08 corrected 1.8976e-08 ratio 0.897 (train)
[featf_0785] betty-miller         V29 1.6564e-08 corrected 1.5791e-08 ratio 0.953 (train)
[featf_0786] melissa-mcconnell    V29 2.2326e-08 corrected 2.0464e-08 ratio 0.917 (train)
[featf_0787] amy-hill             V29 2.0330e-08 corrected 1.8875e-08 ratio 0.928 (train)
[featf_0788] john-duncan          V29 2.2847e-08 corrected 2.0900e-08 ratio 0.915 (train)
[featf_0789] shannon-harris       V29 1.6959e-08 corrected 1.5428e-08 ratio 0.910 (train)
[featf_0790] joanne-frank         V29 1.9456e-08 corrected 1.7966e-08 ratio 0.923 (train)
[featf_0791] david-daniel         V29 1.9978e-08 corrected 1.9431e-08 ratio 0.973 (train)
[featf_0792] jared-norton         V29 2.1606e-08 corrected 1.9530e-08 ratio 0.904 (train)
[featf_0793] christina-webster    V29 2.1082e-08 corrected 1.9889e-08 ratio 0.943 (train)
[featf_0794] jason-smith-2        V29 2.5072e-08 corrected 2.2793e-08 ratio 0.909 (train)
[featf_0795] tiffany-taylor       V29 2.3614e-08 corrected 2.3213e-08 ratio 0.983 (train)
[featf_0796] eric-love            V29 2.1662e-08 corrected 1.9236e-08 ratio 0.888 (train)
[featf_0797] suzanne-williams     V29 2.2305e-08 corrected 2.0083e-08 ratio 0.900 (train)
[featf_0798] angela-powell        V29 2.2550e-08 corrected 2.1034e-08 ratio 0.933 (train)
[featf_0799] kimberly-hines       V29 2.4051e-08 corrected 2.1746e-08 ratio 0.904 (train)
[featf_0800] daniel-greene        V29 1.9139e-08 corrected 1.7336e-08 ratio 0.906 (train)
[featf_0801] michael-davis        V29 2.2879e-08 corrected 2.3403e-08 ratio 1.023 (train)
[featf_0802] sarah-walker         V29 2.5032e-08 corrected 2.1534e-08 ratio 0.860 (train)
[featf_0803] larry-doyle          V29 2.2461e-08 corrected 1.9936e-08 ratio 0.888 (train)
[featf_0804] paul-estrada         V29 2.7327e-08 corrected 2.2757e-08 ratio 0.833 (train)
[featf_0805] matthew-singleton    V29 2.7096e-08 corrected 2.2681e-08 ratio 0.837 (train)
[featf_0806] danielle-mason       V29 1.9934e-08 corrected 1.7387e-08 ratio 0.872 (train)
[featf_0807] stephanie-bailey     V29 2.1243e-08 corrected 1.8534e-08 ratio 0.872 (train)
[featf_0808] benjamin-jones       V29 2.2918e-08 corrected 2.1358e-08 ratio 0.932 (train)
[featf_0809] mary-watson          V29 2.1818e-08 corrected 2.0114e-08 ratio 0.922 (train)
[featf_0810] daniel-sellers       V29 1.7353e-08 corrected 1.6328e-08 ratio 0.941 (train)
[featf_0811] kathryn-price        V29 2.3023e-08 corrected 2.1864e-08 ratio 0.950 (train)
[featf_0812] kristy-quinn         V29 1.8706e-08 corrected 1.7637e-08 ratio 0.943 (train)
[featf_0813] lisa-edwards         V29 1.8164e-08 corrected 1.7460e-08 ratio 0.961 (train)
[featf_0814] deanna-wright        V29 2.1036e-08 corrected 2.0115e-08 ratio 0.956 (train)
[featf_0815] david-lawrence       V29 2.1096e-08 corrected 2.0117e-08 ratio 0.954 (train)
[featf_0816] natalie-rios         V29 2.0288e-08 corrected 1.7239e-08 ratio 0.850 (train)
[featf_0817] corey-weber          V29 1.9171e-08 corrected 1.7696e-08 ratio 0.923 (train)
[featf_0818] heather-gray         V29 2.0679e-08 corrected 2.0331e-08 ratio 0.983 (train)
[featf_0819] paul-frey            V29 1.6624e-08 corrected 1.5744e-08 ratio 0.947 (train)
[featf_0820] elizabeth-hernandez  V29 1.5245e-08 corrected 1.4111e-08 ratio 0.926 (train)
[featf_0821] julie-thomas         V29 2.1864e-08 corrected 1.9376e-08 ratio 0.886 (train)
[featf_0822] alyssa-allison       V29 1.6178e-08 corrected 1.4525e-08 ratio 0.898 (train)
[featf_0823] christopher-spears   V29 2.1681e-08 corrected 1.9275e-08 ratio 0.889 (train)
[featf_0824] lee-morgan           V29 2.0997e-08 corrected 1.9574e-08 ratio 0.932 (train)
[featf_0825] amanda-carpenter     V29 2.7161e-08 corrected 2.3988e-08 ratio 0.883 (train)
[featf_0826] heather-nelson       V29 1.9518e-08 corrected 1.7498e-08 ratio 0.897 (train)
[featf_0827] jennifer-mitchell    V29 2.0096e-08 corrected 1.8053e-08 ratio 0.898 (train)
[featf_0828] thomas-price         V29 1.9555e-08 corrected 1.8543e-08 ratio 0.948 (train)
[featf_0829] cameron-taylor       V29 2.1774e-08 corrected 2.0556e-08 ratio 0.944 (train)
[featf_0830] jason-snow           V29 2.7314e-08 corrected 2.3444e-08 ratio 0.858 (train)
[featf_0831] billy-green          V29 2.0365e-08 corrected 1.8215e-08 ratio 0.894 (train)
[featf_0832] olivia-moses         V29 2.0199e-08 corrected 1.9504e-08 ratio 0.966 (train)
[featf_0833] bruce-bradley        V29 2.2031e-08 corrected 2.0140e-08 ratio 0.914 (train)
[featf_0834] cynthia-nichols      V29 2.7455e-08 corrected 2.5013e-08 ratio 0.911 (train)
[featf_0835] kevin-lewis          V29 2.6751e-08 corrected 2.4059e-08 ratio 0.899 (train)
[featf_0836] jessica-hahn         V29 2.4199e-08 corrected 2.2146e-08 ratio 0.915 (train)
[featf_0837] brian-hart           V29 2.1937e-08 corrected 1.8779e-08 ratio 0.856 (train)
[featf_0838] nathan-flores        V29 2.3726e-08 corrected 2.1430e-08 ratio 0.903 (train)
[featf_0839] anthony-beck         V29 1.8570e-08 corrected 1.6862e-08 ratio 0.908 (train)
[featf_0840] joseph-parker        V29 3.1235e-08 corrected 2.8250e-08 ratio 0.904 (train)
[featf_0841] melissa-chavez       V29 2.7191e-08 corrected 2.4015e-08 ratio 0.883 (train)
[featf_0842] jason-rogers         V29 1.9466e-08 corrected 2.0029e-08 ratio 1.029 (train)
[featf_0843] marilyn-watts        V29 2.4672e-08 corrected 2.3760e-08 ratio 0.963 (train)
[featf_0844] ronald-wilson        V29 1.7840e-08 corrected 1.7033e-08 ratio 0.955 (train)
[featf_0845] thomas-dixon         V29 2.2148e-08 corrected 2.0749e-08 ratio 0.937 (train)
[featf_0846] lisa-davidson        V29 2.0741e-08 corrected 1.9692e-08 ratio 0.949 (train)
[featf_0847] robert-johnson-2     V29 2.4452e-08 corrected 2.1926e-08 ratio 0.897 (train)
[featf_0848] william-kim          V29 2.9675e-08 corrected 2.7318e-08 ratio 0.921 (train)
[featf_0849] grant-sanders        V29 2.4857e-08 corrected 2.1829e-08 ratio 0.878 (train)
[featf_0850] james-miller         V29 2.4605e-08 corrected 2.2779e-08 ratio 0.926 (train)
[featf_0851] caleb-campbell       V29 2.6485e-08 corrected 2.5952e-08 ratio 0.980 (train)
[featf_0852] joshua-wong          V29 2.4634e-08 corrected 2.3026e-08 ratio 0.935 (train)
[featf_0853] nicholas-robinson    V29 1.8263e-08 corrected 1.8342e-08 ratio 1.004 (train)
[featf_0854] amanda-griffin       V29 1.7328e-08 corrected 1.6519e-08 ratio 0.953 (train)
[featf_0855] gary-butler          V29 2.2725e-08 corrected 2.0089e-08 ratio 0.884 (train)
[featf_0856] david-patterson      V29 2.8834e-08 corrected 2.7011e-08 ratio 0.937 (train)
[featf_0857] jennifer-martinez    V29 2.2931e-08 corrected 2.1216e-08 ratio 0.925 (train)
[featf_0858] angela-rogers        V29 1.8919e-08 corrected 1.7912e-08 ratio 0.947 (train)
[featf_0859] ashley-young         V29 1.8841e-08 corrected 1.7222e-08 ratio 0.914 (train)
[featf_0860] julian-lambert       V29 2.6159e-08 corrected 2.5700e-08 ratio 0.982 (train)
[featf_0861] adam-miller          V29 2.3234e-08 corrected 1.9521e-08 ratio 0.840 (train)
[featf_0862] crystal-kim          V29 2.0544e-08 corrected 1.9450e-08 ratio 0.947 (train)
[featf_0863] joshua-andrade       V29 1.8669e-08 corrected 1.7100e-08 ratio 0.916 (train)
[featf_0864] elizabeth-taylor     V29 1.8166e-08 corrected 1.7078e-08 ratio 0.940 (train)
[featf_0865] barbara-gray         V29 1.9318e-08 corrected 1.7817e-08 ratio 0.922 (train)
[featf_0866] david-ford           V29 2.0120e-08 corrected 1.8461e-08 ratio 0.918 (train)
[featf_0867] brandy-rogers        V29 1.9352e-08 corrected 1.7796e-08 ratio 0.920 (train)
[featf_0868] brian-sanford        V29 2.1061e-08 corrected 2.0055e-08 ratio 0.952 (train)
[featf_0869] brent-gonzales       V29 1.9265e-08 corrected 1.7733e-08 ratio 0.920 (train)
[featf_0870] lisa-reynolds        V29 2.1575e-08 corrected 2.0207e-08 ratio 0.937 (train)
ENSEMBLE holdout: n=100 mean ratio 0.9252
ENSEMBLE train: n=630 mean ratio 0.9163
