730 MLPs: train 630 holdout 100
F=30 sig_mu=1.218e-04
[         0] logan-fitzgerald     V29 2.2915e-08 corrected 2.0309e-08 ratio 0.886 (holdout)
[         1] william-graves       V29 2.0849e-08 corrected 2.0252e-08 ratio 0.971 (holdout)
[         2] raymond-barnes       V29 2.6131e-08 corrected 2.3837e-08 ratio 0.912 (holdout)
[         3] steven-rice          V29 2.4973e-08 corrected 2.3569e-08 ratio 0.944 (holdout)
[         4] sarah-kelley         V29 2.2062e-08 corrected 2.1139e-08 ratio 0.958 (holdout)
[         5] christopher-morales  V29 1.9613e-08 corrected 1.9583e-08 ratio 0.998 (holdout)
[         6] cheryl-graham        V29 2.0810e-08 corrected 2.0666e-08 ratio 0.993 (holdout)
[         7] renee-park           V29 2.4343e-08 corrected 2.1059e-08 ratio 0.865 (holdout)
[         8] justin-johnson       V29 2.3331e-08 corrected 2.0411e-08 ratio 0.875 (holdout)
[         9] christina-lopez      V29 2.5276e-08 corrected 2.2240e-08 ratio 0.880 (holdout)
[        10] randy-murray         V29 2.2797e-08 corrected 2.0254e-08 ratio 0.888 (holdout)
[        11] john-koch            V29 2.2883e-08 corrected 2.3312e-08 ratio 1.019 (holdout)
[        12] susan-butler         V29 2.1008e-08 corrected 2.0339e-08 ratio 0.968 (holdout)
[        13] crystal-gonzales     V29 2.1567e-08 corrected 2.1150e-08 ratio 0.981 (holdout)
[        14] troy-richardson      V29 2.4192e-08 corrected 2.1406e-08 ratio 0.885 (holdout)
[        15] sharon-whitehead     V29 2.4198e-08 corrected 2.2607e-08 ratio 0.934 (holdout)
[        16] adam-morrison        V29 1.7524e-08 corrected 1.6616e-08 ratio 0.948 (holdout)
[        17] william-simmons      V29 1.9688e-08 corrected 1.8876e-08 ratio 0.959 (holdout)
[        18] william-bryant       V29 2.2946e-08 corrected 2.0341e-08 ratio 0.886 (holdout)
[        19] angela-hancock       V29 1.8952e-08 corrected 1.7775e-08 ratio 0.938 (holdout)
[        20] lisa-aguirre         V29 2.3655e-08 corrected 2.1460e-08 ratio 0.907 (holdout)
[        21] marissa-perez        V29 2.5427e-08 corrected 2.2346e-08 ratio 0.879 (holdout)
[        22] matthew-cruz         V29 2.2772e-08 corrected 1.9964e-08 ratio 0.877 (holdout)
[        23] dana-parker          V29 2.0809e-08 corrected 1.7503e-08 ratio 0.841 (holdout)
[        24] justin-thomas        V29 2.3588e-08 corrected 2.1046e-08 ratio 0.892 (holdout)
[        25] jose-booker          V29 2.2533e-08 corrected 2.1534e-08 ratio 0.956 (holdout)
[        26] jennifer-best        V29 2.6513e-08 corrected 2.4623e-08 ratio 0.929 (holdout)
[        27] lisa-dean            V29 1.7417e-08 corrected 1.6246e-08 ratio 0.933 (holdout)
[        28] terri-salazar        V29 2.3003e-08 corrected 2.2100e-08 ratio 0.961 (holdout)
[        29] monica-duncan        V29 1.9019e-08 corrected 1.7463e-08 ratio 0.918 (holdout)
[        30] katherine-allen      V29 2.2971e-08 corrected 2.1183e-08 ratio 0.922 (holdout)
[        31] stephanie-fowler     V29 1.7629e-08 corrected 1.6849e-08 ratio 0.956 (holdout)
[        32] nathan-valdez        V29 2.2575e-08 corrected 2.0490e-08 ratio 0.908 (holdout)
[        33] mark-sweeney         V29 2.5814e-08 corrected 2.4122e-08 ratio 0.934 (holdout)
[        34] rachel-warren        V29 2.7680e-08 corrected 2.4370e-08 ratio 0.880 (holdout)
[        35] cory-clarke          V29 1.8601e-08 corrected 1.7444e-08 ratio 0.938 (holdout)
[        36] patricia-cochran     V29 2.1676e-08 corrected 2.0667e-08 ratio 0.953 (holdout)
[        37] paige-miller         V29 2.8314e-08 corrected 2.5351e-08 ratio 0.895 (holdout)
[        38] daniel-smith         V29 2.3742e-08 corrected 2.4008e-08 ratio 1.011 (holdout)
[        39] rebecca-jackson      V29 2.4226e-08 corrected 2.3040e-08 ratio 0.951 (holdout)
[        40] sylvia-stanley       V29 2.6899e-08 corrected 2.5962e-08 ratio 0.965 (holdout)
[        41] john-lee             V29 1.9279e-08 corrected 1.6888e-08 ratio 0.876 (holdout)
[        42] crystal-carrillo     V29 2.1132e-08 corrected 1.9345e-08 ratio 0.915 (holdout)
[        43] renee-garcia         V29 2.3993e-08 corrected 2.2148e-08 ratio 0.923 (holdout)
[        44] anita-collier        V29 2.2915e-08 corrected 2.2064e-08 ratio 0.963 (holdout)
[        45] tina-webb            V29 1.7682e-08 corrected 1.4419e-08 ratio 0.816 (holdout)
[        46] lisa-mitchell        V29 2.3306e-08 corrected 2.2333e-08 ratio 0.958 (holdout)
[        47] douglas-kelly        V29 3.0302e-08 corrected 2.8402e-08 ratio 0.937 (holdout)
[        48] maria-calderon       V29 2.3956e-08 corrected 2.2019e-08 ratio 0.919 (holdout)
[        49] jay-harris           V29 1.7757e-08 corrected 1.6092e-08 ratio 0.906 (holdout)
[        50] robyn-davis          V29 1.6699e-08 corrected 1.5484e-08 ratio 0.927 (holdout)
[        51] daniel-vasquez       V29 2.0567e-08 corrected 2.1163e-08 ratio 1.029 (holdout)
[        52] richard-davis        V29 2.3896e-08 corrected 2.3180e-08 ratio 0.970 (holdout)
[        53] darryl-lewis         V29 1.9150e-08 corrected 1.7262e-08 ratio 0.901 (holdout)
[        54] james-parsons        V29 2.4720e-08 corrected 2.0130e-08 ratio 0.814 (holdout)
[        55] victor-short         V29 2.4246e-08 corrected 2.3986e-08 ratio 0.989 (holdout)
[        56] katherine-singh      V29 1.4376e-08 corrected 1.4358e-08 ratio 0.999 (holdout)
[        57] gregory-wilson       V29 2.1278e-08 corrected 1.8604e-08 ratio 0.874 (holdout)
[        58] daniel-graves        V29 1.7142e-08 corrected 1.4431e-08 ratio 0.842 (holdout)
[        59] amy-fields           V29 2.3962e-08 corrected 2.2137e-08 ratio 0.924 (holdout)
[        60] erica-whitaker       V29 2.2996e-08 corrected 2.1110e-08 ratio 0.918 (holdout)
[        61] mallory-morales      V29 2.1778e-08 corrected 2.1475e-08 ratio 0.986 (holdout)
[        62] walter-moore         V29 2.3802e-08 corrected 2.1721e-08 ratio 0.913 (holdout)
[        63] dillon-taylor        V29 1.7193e-08 corrected 1.5509e-08 ratio 0.902 (holdout)
[        64] diane-jones          V29 2.4424e-08 corrected 2.3626e-08 ratio 0.967 (holdout)
[        65] brandon-king         V29 2.2943e-08 corrected 2.1650e-08 ratio 0.944 (holdout)
[        66] samuel-simon         V29 1.7264e-08 corrected 1.6886e-08 ratio 0.978 (holdout)
[        67] marie-paul           V29 2.7609e-08 corrected 2.5099e-08 ratio 0.909 (holdout)
[        68] barbara-walls        V29 2.2250e-08 corrected 1.9252e-08 ratio 0.865 (holdout)
[        69] deborah-harris       V29 2.1678e-08 corrected 2.0033e-08 ratio 0.924 (holdout)
[        70] daniel-smith-2       V29 1.9173e-08 corrected 1.7737e-08 ratio 0.925 (holdout)
[        71] mary-garrett         V29 1.9827e-08 corrected 1.9201e-08 ratio 0.968 (holdout)
[        72] sandra-powell        V29 1.9883e-08 corrected 1.8191e-08 ratio 0.915 (holdout)
[        73] victor-garrett       V29 2.8412e-08 corrected 2.7925e-08 ratio 0.983 (holdout)
[        74] steven-montgomery    V29 2.1421e-08 corrected 1.8777e-08 ratio 0.877 (holdout)
[        75] jennifer-perez       V29 1.8914e-08 corrected 1.7660e-08 ratio 0.934 (holdout)
[        76] scott-young          V29 2.5195e-08 corrected 2.2460e-08 ratio 0.891 (holdout)
[        77] debra-jones          V29 2.1630e-08 corrected 2.0592e-08 ratio 0.952 (holdout)
[        78] george-chase         V29 2.5715e-08 corrected 2.3689e-08 ratio 0.921 (holdout)
[        79] troy-welch           V29 1.7460e-08 corrected 1.6953e-08 ratio 0.971 (holdout)
[        80] jacob-adams          V29 2.0547e-08 corrected 1.8453e-08 ratio 0.898 (holdout)
[        81] courtney-baker       V29 1.7657e-08 corrected 1.6901e-08 ratio 0.957 (holdout)
[        82] pamela-carr          V29 1.7677e-08 corrected 1.6502e-08 ratio 0.934 (holdout)
[        83] denise-smith         V29 2.4023e-08 corrected 2.1862e-08 ratio 0.910 (holdout)
[        84] michelle-taylor      V29 2.6133e-08 corrected 2.1739e-08 ratio 0.832 (holdout)
[        85] ashley-williams      V29 1.9803e-08 corrected 1.7991e-08 ratio 0.908 (holdout)
[        86] judith-maxwell       V29 2.0294e-08 corrected 1.9166e-08 ratio 0.944 (holdout)
[        87] travis-reed          V29 2.3245e-08 corrected 2.2036e-08 ratio 0.948 (holdout)
[        88] heather-strickland   V29 2.4648e-08 corrected 2.2256e-08 ratio 0.903 (holdout)
[        89] kyle-petersen        V29 2.2193e-08 corrected 1.9963e-08 ratio 0.900 (holdout)
[        90] rachel-kelley        V29 2.9548e-08 corrected 2.7783e-08 ratio 0.940 (holdout)
[        91] robert-patrick       V29 2.1587e-08 corrected 1.9909e-08 ratio 0.922 (holdout)
[        92] james-perez          V29 2.4772e-08 corrected 2.3369e-08 ratio 0.943 (holdout)
[        93] nathan-moore         V29 2.6581e-08 corrected 2.4486e-08 ratio 0.921 (holdout)
[        94] gregory-harrison     V29 1.7553e-08 corrected 1.7305e-08 ratio 0.986 (holdout)
[        95] mark-snyder          V29 2.5385e-08 corrected 2.3627e-08 ratio 0.931 (holdout)
[        96] kathleen-mueller     V29 2.4074e-08 corrected 2.2819e-08 ratio 0.948 (holdout)
[        97] michelle-kramer      V29 1.9420e-08 corrected 1.9609e-08 ratio 1.010 (holdout)
[        98] elizabeth-hughes     V29 2.2301e-08 corrected 2.0030e-08 ratio 0.898 (holdout)
[        99] kelsey-gonzalez      V29 2.4235e-08 corrected 2.1879e-08 ratio 0.903 (holdout)
ENSEMBLE holdout: n=100 mean ratio 0.9267
