100 MLPs: train 80 holdout 20
F=30 sig_mu=1.221e-04
[         0] logan-fitzgerald     V29 2.2915e-08 corrected 1.9788e-08 ratio 0.864 (train)
[         1] william-graves       V29 2.0849e-08 corrected 1.8847e-08 ratio 0.904 (train)
[         2] raymond-barnes       V29 2.6131e-08 corrected 2.4212e-08 ratio 0.927 (train)
[         3] steven-rice          V29 2.4973e-08 corrected 2.3310e-08 ratio 0.933 (train)
[         4] sarah-kelley         V29 2.2062e-08 corrected 2.0455e-08 ratio 0.927 (train)
[         5] christopher-morales  V29 1.9613e-08 corrected 2.0238e-08 ratio 1.032 (holdout)
[         6] cheryl-graham        V29 2.0810e-08 corrected 2.0935e-08 ratio 1.006 (holdout)
[         7] renee-park           V29 2.4343e-08 corrected 2.2155e-08 ratio 0.910 (train)
[         8] justin-johnson       V29 2.3331e-08 corrected 2.1391e-08 ratio 0.917 (holdout)
[         9] christina-lopez      V29 2.5276e-08 corrected 2.3667e-08 ratio 0.936 (train)
[        10] randy-murray         V29 2.2797e-08 corrected 2.0840e-08 ratio 0.914 (train)
[        11] john-koch            V29 2.2883e-08 corrected 2.2675e-08 ratio 0.991 (train)
[        12] susan-butler         V29 2.1008e-08 corrected 2.0265e-08 ratio 0.965 (train)
[        13] crystal-gonzales     V29 2.1567e-08 corrected 2.0811e-08 ratio 0.965 (train)
[        14] troy-richardson      V29 2.4192e-08 corrected 2.1812e-08 ratio 0.902 (train)
[        15] sharon-whitehead     V29 2.4198e-08 corrected 2.2832e-08 ratio 0.944 (train)
[        16] adam-morrison        V29 1.7524e-08 corrected 1.6966e-08 ratio 0.968 (holdout)
[        17] william-simmons      V29 1.9688e-08 corrected 1.9254e-08 ratio 0.978 (holdout)
[        18] william-bryant       V29 2.2946e-08 corrected 1.9833e-08 ratio 0.864 (train)
[        19] angela-hancock       V29 1.8952e-08 corrected 1.8681e-08 ratio 0.986 (holdout)
[        20] lisa-aguirre         V29 2.3655e-08 corrected 2.1643e-08 ratio 0.915 (holdout)
[        21] marissa-perez        V29 2.5427e-08 corrected 2.3303e-08 ratio 0.916 (train)
[        22] matthew-cruz         V29 2.2772e-08 corrected 2.1025e-08 ratio 0.923 (train)
[        23] dana-parker          V29 2.0809e-08 corrected 1.7578e-08 ratio 0.845 (train)
[        24] justin-thomas        V29 2.3588e-08 corrected 2.1249e-08 ratio 0.901 (train)
[        25] jose-booker          V29 2.2533e-08 corrected 2.1355e-08 ratio 0.948 (train)
[        26] jennifer-best        V29 2.6513e-08 corrected 2.5088e-08 ratio 0.946 (train)
[        27] lisa-dean            V29 1.7417e-08 corrected 1.5926e-08 ratio 0.914 (train)
[        28] terri-salazar        V29 2.3003e-08 corrected 2.2450e-08 ratio 0.976 (train)
[        29] monica-duncan        V29 1.9019e-08 corrected 1.7786e-08 ratio 0.935 (train)
[        30] katherine-allen      V29 2.2971e-08 corrected 2.1315e-08 ratio 0.928 (train)
[        31] stephanie-fowler     V29 1.7629e-08 corrected 1.6396e-08 ratio 0.930 (train)
[        32] nathan-valdez        V29 2.2575e-08 corrected 2.0590e-08 ratio 0.912 (train)
[        33] mark-sweeney         V29 2.5814e-08 corrected 2.3280e-08 ratio 0.902 (train)
[        34] rachel-warren        V29 2.7680e-08 corrected 2.6042e-08 ratio 0.941 (holdout)
[        35] cory-clarke          V29 1.8601e-08 corrected 1.7584e-08 ratio 0.945 (train)
[        36] patricia-cochran     V29 2.1676e-08 corrected 2.0682e-08 ratio 0.954 (train)
[        37] paige-miller         V29 2.8314e-08 corrected 2.6224e-08 ratio 0.926 (train)
[        38] daniel-smith         V29 2.3742e-08 corrected 2.3360e-08 ratio 0.984 (holdout)
[        39] rebecca-jackson      V29 2.4226e-08 corrected 2.3149e-08 ratio 0.956 (train)
[        40] sylvia-stanley       V29 2.6899e-08 corrected 2.4982e-08 ratio 0.929 (train)
[        41] john-lee             V29 1.9279e-08 corrected 1.7422e-08 ratio 0.904 (train)
[        42] crystal-carrillo     V29 2.1132e-08 corrected 1.8984e-08 ratio 0.898 (train)
[        43] renee-garcia         V29 2.3993e-08 corrected 2.3234e-08 ratio 0.968 (holdout)
[        44] anita-collier        V29 2.2915e-08 corrected 2.1759e-08 ratio 0.950 (train)
[        45] tina-webb            V29 1.7682e-08 corrected 1.5094e-08 ratio 0.854 (train)
[        46] lisa-mitchell        V29 2.3306e-08 corrected 2.1253e-08 ratio 0.912 (train)
[        47] douglas-kelly        V29 3.0302e-08 corrected 2.7517e-08 ratio 0.908 (train)
[        48] maria-calderon       V29 2.3956e-08 corrected 2.1947e-08 ratio 0.916 (holdout)
[        49] jay-harris           V29 1.7757e-08 corrected 1.6291e-08 ratio 0.917 (train)
[        50] robyn-davis          V29 1.6699e-08 corrected 1.5641e-08 ratio 0.937 (train)
[        51] daniel-vasquez       V29 2.0567e-08 corrected 2.0793e-08 ratio 1.011 (train)
[        52] richard-davis        V29 2.3896e-08 corrected 2.2344e-08 ratio 0.935 (train)
[        53] darryl-lewis         V29 1.9150e-08 corrected 1.7029e-08 ratio 0.889 (train)
[        54] james-parsons        V29 2.4720e-08 corrected 2.1014e-08 ratio 0.850 (train)
[        55] victor-short         V29 2.4246e-08 corrected 2.3095e-08 ratio 0.953 (holdout)
[        56] katherine-singh      V29 1.4376e-08 corrected 1.4517e-08 ratio 1.010 (holdout)
[        57] gregory-wilson       V29 2.1278e-08 corrected 1.9303e-08 ratio 0.907 (train)
[        58] daniel-graves        V29 1.7142e-08 corrected 1.4474e-08 ratio 0.844 (train)
[        59] amy-fields           V29 2.3962e-08 corrected 2.2418e-08 ratio 0.936 (train)
[        60] erica-whitaker       V29 2.2996e-08 corrected 2.0873e-08 ratio 0.908 (holdout)
[        61] mallory-morales      V29 2.1778e-08 corrected 2.0973e-08 ratio 0.963 (train)
[        62] walter-moore         V29 2.3802e-08 corrected 2.1193e-08 ratio 0.890 (train)
[        63] dillon-taylor        V29 1.7193e-08 corrected 1.5235e-08 ratio 0.886 (train)
[        64] diane-jones          V29 2.4424e-08 corrected 2.3684e-08 ratio 0.970 (train)
[        65] brandon-king         V29 2.2943e-08 corrected 2.1060e-08 ratio 0.918 (train)
[        66] samuel-simon         V29 1.7264e-08 corrected 1.6545e-08 ratio 0.958 (train)
[        67] marie-paul           V29 2.7609e-08 corrected 2.5828e-08 ratio 0.936 (holdout)
[        68] barbara-walls        V29 2.2250e-08 corrected 1.9391e-08 ratio 0.872 (train)
[        69] deborah-harris       V29 2.1678e-08 corrected 2.0231e-08 ratio 0.933 (train)
[        70] daniel-smith-2       V29 1.9173e-08 corrected 1.8064e-08 ratio 0.942 (train)
[        71] mary-garrett         V29 1.9827e-08 corrected 1.9002e-08 ratio 0.958 (train)
[        72] sandra-powell        V29 1.9883e-08 corrected 1.8207e-08 ratio 0.916 (train)
[        73] victor-garrett       V29 2.8412e-08 corrected 2.8601e-08 ratio 1.007 (train)
[        74] steven-montgomery    V29 2.1421e-08 corrected 1.8467e-08 ratio 0.862 (train)
[        75] jennifer-perez       V29 1.8914e-08 corrected 1.7486e-08 ratio 0.925 (train)
[        76] scott-young          V29 2.5195e-08 corrected 2.3542e-08 ratio 0.934 (train)
[        77] debra-jones          V29 2.1630e-08 corrected 2.0270e-08 ratio 0.937 (train)
[        78] george-chase         V29 2.5715e-08 corrected 2.3769e-08 ratio 0.924 (train)
[        79] troy-welch           V29 1.7460e-08 corrected 1.7138e-08 ratio 0.982 (train)
[        80] jacob-adams          V29 2.0547e-08 corrected 1.9226e-08 ratio 0.936 (holdout)
[        81] courtney-baker       V29 1.7657e-08 corrected 1.7536e-08 ratio 0.993 (holdout)
[        82] pamela-carr          V29 1.7677e-08 corrected 1.6307e-08 ratio 0.922 (train)
[        83] denise-smith         V29 2.4023e-08 corrected 2.2676e-08 ratio 0.944 (train)
[        84] michelle-taylor      V29 2.6133e-08 corrected 2.2314e-08 ratio 0.854 (train)
[        85] ashley-williams      V29 1.9803e-08 corrected 1.8693e-08 ratio 0.944 (holdout)
[        86] judith-maxwell       V29 2.0294e-08 corrected 1.9276e-08 ratio 0.950 (train)
[        87] travis-reed          V29 2.3245e-08 corrected 2.1947e-08 ratio 0.944 (holdout)
[        88] heather-strickland   V29 2.4648e-08 corrected 2.2424e-08 ratio 0.910 (train)
[        89] kyle-petersen        V29 2.2193e-08 corrected 2.1019e-08 ratio 0.947 (train)
[        90] rachel-kelley        V29 2.9548e-08 corrected 2.7987e-08 ratio 0.947 (train)
[        91] robert-patrick       V29 2.1587e-08 corrected 1.9651e-08 ratio 0.910 (train)
[        92] james-perez          V29 2.4772e-08 corrected 2.3285e-08 ratio 0.940 (train)
[        93] nathan-moore         V29 2.6581e-08 corrected 2.4594e-08 ratio 0.925 (train)
[        94] gregory-harrison     V29 1.7553e-08 corrected 1.6866e-08 ratio 0.961 (train)
[        95] mark-snyder          V29 2.5385e-08 corrected 2.2939e-08 ratio 0.904 (train)
[        96] kathleen-mueller     V29 2.4074e-08 corrected 2.2803e-08 ratio 0.947 (train)
[        97] michelle-kramer      V29 1.9420e-08 corrected 1.9085e-08 ratio 0.983 (train)
[        98] elizabeth-hughes     V29 2.2301e-08 corrected 1.9922e-08 ratio 0.893 (train)
[        99] kelsey-gonzalez      V29 2.4235e-08 corrected 2.2565e-08 ratio 0.931 (holdout)
ENSEMBLE holdout: n=20 mean ratio 0.9550
ENSEMBLE train: n=80 mean ratio 0.9251
