730 MLPs: train 630 holdout 100
F=30 sig_mu=1.218e-04
[         0] logan-fitzgerald     V29 2.2915e-08 corrected 2.0185e-08 ratio 0.881 (holdout)
[         1] william-graves       V29 2.0849e-08 corrected 2.0281e-08 ratio 0.973 (holdout)
[         2] raymond-barnes       V29 2.6131e-08 corrected 2.3531e-08 ratio 0.900 (holdout)
[         3] steven-rice          V29 2.4973e-08 corrected 2.3441e-08 ratio 0.939 (holdout)
[         4] sarah-kelley         V29 2.2062e-08 corrected 2.1076e-08 ratio 0.955 (holdout)
[         5] christopher-morales  V29 1.9613e-08 corrected 1.9490e-08 ratio 0.994 (holdout)
[         6] cheryl-graham        V29 2.0810e-08 corrected 2.0601e-08 ratio 0.990 (holdout)
[         7] renee-park           V29 2.4343e-08 corrected 2.0898e-08 ratio 0.858 (holdout)
[         8] justin-johnson       V29 2.3331e-08 corrected 2.0380e-08 ratio 0.874 (holdout)
[         9] christina-lopez      V29 2.5276e-08 corrected 2.2022e-08 ratio 0.871 (holdout)
[        10] randy-murray         V29 2.2797e-08 corrected 1.9826e-08 ratio 0.870 (holdout)
[        11] john-koch            V29 2.2883e-08 corrected 2.3556e-08 ratio 1.029 (holdout)
[        12] susan-butler         V29 2.1008e-08 corrected 1.9855e-08 ratio 0.945 (holdout)
[        13] crystal-gonzales     V29 2.1567e-08 corrected 2.1071e-08 ratio 0.977 (holdout)
[        14] troy-richardson      V29 2.4192e-08 corrected 2.1340e-08 ratio 0.882 (holdout)
[        15] sharon-whitehead     V29 2.4198e-08 corrected 2.2591e-08 ratio 0.934 (holdout)
[        16] adam-morrison        V29 1.7524e-08 corrected 1.6580e-08 ratio 0.946 (holdout)
[        17] william-simmons      V29 1.9688e-08 corrected 1.8410e-08 ratio 0.935 (holdout)
[        18] william-bryant       V29 2.2946e-08 corrected 2.0277e-08 ratio 0.884 (holdout)
[        19] angela-hancock       V29 1.8952e-08 corrected 1.7608e-08 ratio 0.929 (holdout)
[        20] lisa-aguirre         V29 2.3655e-08 corrected 2.1545e-08 ratio 0.911 (holdout)
[        21] marissa-perez        V29 2.5427e-08 corrected 2.1948e-08 ratio 0.863 (holdout)
[        22] matthew-cruz         V29 2.2772e-08 corrected 1.9545e-08 ratio 0.858 (holdout)
[        23] dana-parker          V29 2.0809e-08 corrected 1.7386e-08 ratio 0.836 (holdout)
[        24] justin-thomas        V29 2.3588e-08 corrected 2.1074e-08 ratio 0.893 (holdout)
[        25] jose-booker          V29 2.2533e-08 corrected 2.1215e-08 ratio 0.942 (holdout)
[        26] jennifer-best        V29 2.6513e-08 corrected 2.4763e-08 ratio 0.934 (holdout)
[        27] lisa-dean            V29 1.7417e-08 corrected 1.6305e-08 ratio 0.936 (holdout)
[        28] terri-salazar        V29 2.3003e-08 corrected 2.1890e-08 ratio 0.952 (holdout)
[        29] monica-duncan        V29 1.9019e-08 corrected 1.7422e-08 ratio 0.916 (holdout)
[        30] katherine-allen      V29 2.2971e-08 corrected 2.0948e-08 ratio 0.912 (holdout)
[        31] stephanie-fowler     V29 1.7629e-08 corrected 1.6455e-08 ratio 0.933 (holdout)
[        32] nathan-valdez        V29 2.2575e-08 corrected 2.0615e-08 ratio 0.913 (holdout)
[        33] mark-sweeney         V29 2.5814e-08 corrected 2.4034e-08 ratio 0.931 (holdout)
[        34] rachel-warren        V29 2.7680e-08 corrected 2.3949e-08 ratio 0.865 (holdout)
[        35] cory-clarke          V29 1.8601e-08 corrected 1.7256e-08 ratio 0.928 (holdout)
[        36] patricia-cochran     V29 2.1676e-08 corrected 2.0481e-08 ratio 0.945 (holdout)
[        37] paige-miller         V29 2.8314e-08 corrected 2.5397e-08 ratio 0.897 (holdout)
[        38] daniel-smith         V29 2.3742e-08 corrected 2.4589e-08 ratio 1.036 (holdout)
[        39] rebecca-jackson      V29 2.4226e-08 corrected 2.2547e-08 ratio 0.931 (holdout)
[        40] sylvia-stanley       V29 2.6899e-08 corrected 2.5918e-08 ratio 0.964 (holdout)
[        41] john-lee             V29 1.9279e-08 corrected 1.6834e-08 ratio 0.873 (holdout)
[        42] crystal-carrillo     V29 2.1132e-08 corrected 1.9189e-08 ratio 0.908 (holdout)
[        43] renee-garcia         V29 2.3993e-08 corrected 2.1630e-08 ratio 0.902 (holdout)
[        44] anita-collier        V29 2.2915e-08 corrected 2.1943e-08 ratio 0.958 (holdout)
[        45] tina-webb            V29 1.7682e-08 corrected 1.4468e-08 ratio 0.818 (holdout)
[        46] lisa-mitchell        V29 2.3306e-08 corrected 2.2377e-08 ratio 0.960 (holdout)
[        47] douglas-kelly        V29 3.0302e-08 corrected 2.8236e-08 ratio 0.932 (holdout)
[        48] maria-calderon       V29 2.3956e-08 corrected 2.1907e-08 ratio 0.914 (holdout)
[        49] jay-harris           V29 1.7757e-08 corrected 1.6128e-08 ratio 0.908 (holdout)
[        50] robyn-davis          V29 1.6699e-08 corrected 1.5499e-08 ratio 0.928 (holdout)
[        51] daniel-vasquez       V29 2.0567e-08 corrected 2.0981e-08 ratio 1.020 (holdout)
[        52] richard-davis        V29 2.3896e-08 corrected 2.3449e-08 ratio 0.981 (holdout)
[        53] darryl-lewis         V29 1.9150e-08 corrected 1.6933e-08 ratio 0.884 (holdout)
[        54] james-parsons        V29 2.4720e-08 corrected 1.9895e-08 ratio 0.805 (holdout)
[        55] victor-short         V29 2.4246e-08 corrected 2.4233e-08 ratio 0.999 (holdout)
[        56] katherine-singh      V29 1.4376e-08 corrected 1.4443e-08 ratio 1.005 (holdout)
[        57] gregory-wilson       V29 2.1278e-08 corrected 1.8371e-08 ratio 0.863 (holdout)
[        58] daniel-graves        V29 1.7142e-08 corrected 1.4174e-08 ratio 0.827 (holdout)
[        59] amy-fields           V29 2.3962e-08 corrected 2.2122e-08 ratio 0.923 (holdout)
[        60] erica-whitaker       V29 2.2996e-08 corrected 2.1001e-08 ratio 0.913 (holdout)
[        61] mallory-morales      V29 2.1778e-08 corrected 2.1343e-08 ratio 0.980 (holdout)
[        62] walter-moore         V29 2.3802e-08 corrected 2.1736e-08 ratio 0.913 (holdout)
[        63] dillon-taylor        V29 1.7193e-08 corrected 1.5513e-08 ratio 0.902 (holdout)
[        64] diane-jones          V29 2.4424e-08 corrected 2.3547e-08 ratio 0.964 (holdout)
[        65] brandon-king         V29 2.2943e-08 corrected 2.1537e-08 ratio 0.939 (holdout)
[        66] samuel-simon         V29 1.7264e-08 corrected 1.6898e-08 ratio 0.979 (holdout)
[        67] marie-paul           V29 2.7609e-08 corrected 2.5203e-08 ratio 0.913 (holdout)
[        68] barbara-walls        V29 2.2250e-08 corrected 1.8789e-08 ratio 0.844 (holdout)
[        69] deborah-harris       V29 2.1678e-08 corrected 2.0135e-08 ratio 0.929 (holdout)
[        70] daniel-smith-2       V29 1.9173e-08 corrected 1.7737e-08 ratio 0.925 (holdout)
[        71] mary-garrett         V29 1.9827e-08 corrected 1.9154e-08 ratio 0.966 (holdout)
[        72] sandra-powell        V29 1.9883e-08 corrected 1.8151e-08 ratio 0.913 (holdout)
[        73] victor-garrett       V29 2.8412e-08 corrected 2.8038e-08 ratio 0.987 (holdout)
[        74] steven-montgomery    V29 2.1421e-08 corrected 1.8444e-08 ratio 0.861 (holdout)
[        75] jennifer-perez       V29 1.8914e-08 corrected 1.7815e-08 ratio 0.942 (holdout)
[        76] scott-young          V29 2.5195e-08 corrected 2.2092e-08 ratio 0.877 (holdout)
[        77] debra-jones          V29 2.1630e-08 corrected 2.0898e-08 ratio 0.966 (holdout)
[        78] george-chase         V29 2.5715e-08 corrected 2.3576e-08 ratio 0.917 (holdout)
[        79] troy-welch           V29 1.7460e-08 corrected 1.6863e-08 ratio 0.966 (holdout)
[        80] jacob-adams          V29 2.0547e-08 corrected 1.8126e-08 ratio 0.882 (holdout)
[        81] courtney-baker       V29 1.7657e-08 corrected 1.6745e-08 ratio 0.948 (holdout)
[        82] pamela-carr          V29 1.7677e-08 corrected 1.6474e-08 ratio 0.932 (holdout)
[        83] denise-smith         V29 2.4023e-08 corrected 2.1811e-08 ratio 0.908 (holdout)
[        84] michelle-taylor      V29 2.6133e-08 corrected 2.1240e-08 ratio 0.813 (holdout)
[        85] ashley-williams      V29 1.9803e-08 corrected 1.7852e-08 ratio 0.901 (holdout)
[        86] judith-maxwell       V29 2.0294e-08 corrected 1.9262e-08 ratio 0.949 (holdout)
[        87] travis-reed          V29 2.3245e-08 corrected 2.1738e-08 ratio 0.935 (holdout)
[        88] heather-strickland   V29 2.4648e-08 corrected 2.2110e-08 ratio 0.897 (holdout)
[        89] kyle-petersen        V29 2.2193e-08 corrected 1.9501e-08 ratio 0.879 (holdout)
[        90] rachel-kelley        V29 2.9548e-08 corrected 2.7732e-08 ratio 0.939 (holdout)
[        91] robert-patrick       V29 2.1587e-08 corrected 1.9715e-08 ratio 0.913 (holdout)
[        92] james-perez          V29 2.4772e-08 corrected 2.2983e-08 ratio 0.928 (holdout)
[        93] nathan-moore         V29 2.6581e-08 corrected 2.4194e-08 ratio 0.910 (holdout)
[        94] gregory-harrison     V29 1.7553e-08 corrected 1.7520e-08 ratio 0.998 (holdout)
[        95] mark-snyder          V29 2.5385e-08 corrected 2.3335e-08 ratio 0.919 (holdout)
[        96] kathleen-mueller     V29 2.4074e-08 corrected 2.2355e-08 ratio 0.929 (holdout)
[        97] michelle-kramer      V29 1.9420e-08 corrected 1.9248e-08 ratio 0.991 (holdout)
[        98] elizabeth-hughes     V29 2.2301e-08 corrected 1.9767e-08 ratio 0.886 (holdout)
[        99] kelsey-gonzalez      V29 2.4235e-08 corrected 2.1852e-08 ratio 0.902 (holdout)
ENSEMBLE holdout: n=100 mean ratio 0.9213
