00:21 acct1 d9-A2-rb-e2e: ✓ Submitted (submission id 334917)
00:59 acct2 B-v44-pk2groupsum: ✓ Submitted (submission id 334922)
02:16 acct3 C-lam090: ✓ Submitted (submission id 334929)
03:42 acct2 B-v44-e1: ✓ Submitted (submission id 334940)
05:54 acct1 A-cs0: ✓ Submitted (submission id 334955)
05:54 acct1 A-cs05: ✓ Submitted (submission id 334956)
05:54 acct1 A-cs15: ✓ Submitted (submission id 334957)
05:54 acct3 C-lam100: ✓ Submitted (submission id 334958)
05:54 acct3 C-rold2-256: ✓ Submitted (submission id 334959)
05:54 acct3 C-age9: ✓ Submitted (submission id 334960)
05:54 acct2 B-lp5: ✓ Submitted (submission id 334961)
05:54 acct2 B-prune3: ✓ Submitted (submission id 334963)
06:12 acct1 A-cs075: ✓ Submitted (submission id 334967)
06:12 acct1 A-cs100: ✓ Submitted (submission id 334968)
06:12 acct1 A-cs125: ✓ Submitted (submission id 334969)
06:12 acct1 A-cs175: ✓ Submitted (submission id 334970)
06:12 acct1 A-cs200: ✓ Submitted (submission id 334971)
06:12 acct1 A-rb125: ✓ Submitted (submission id 334972)
06:12 acct2 B-pr002: ✓ Submitted (submission id 334973)
06:12 acct2 B-pr005: ✓ Submitted (submission id 334974)
06:12 acct2 B-pr0075: ✓ Submitted (submission id 334975)
06:12 acct2 B-pr010: ✓ Submitted (submission id 334976)
06:13 acct2 B-rb: ✓ Submitted (submission id 334977)
06:13 acct2 B-rb-pr003: ✓ Submitted (submission id 334978)
06:13 acct3 C-lam0975: ✓ Submitted (submission id 334979)
06:13 acct3 C-lam105: ✓ Submitted (submission id 334980)
06:13 acct3 C-rold2-240: ✓ Submitted (submission id 334981)
06:13 acct3 C-age7: ✓ Submitted (submission id 334982)
06:13 acct3 C-rold448: ✓ Submitted (submission id 334983)
06:13 acct3 C-ageold5: ✓ Submitted (submission id 334985)
